Archive member included to satisfy reference by file (symbol)

/usr/share/segger_embedded_studio_for_arm_5.70a/lib/libc_v7em_fpv4_sp_d16_hard_t_le_eabi.a(libc2.o)
                              Output/Release/Obj/ble_sensor/ble_advdata.o (memcmp)
/usr/share/segger_embedded_studio_for_arm_5.70a/lib/libc_v7em_fpv4_sp_d16_hard_t_le_eabi.a(libc2_asm.o)
                              Output/Release/Obj/ble_sensor/nrf_atfifo.o (memcpy)
/usr/share/segger_embedded_studio_for_arm_5.70a/lib/libc_v7em_fpv4_sp_d16_hard_t_le_eabi.a(libvfprintf.o)
                              (__vfprintf_long)
/usr/share/segger_embedded_studio_for_arm_5.70a/lib/libc_v7em_fpv4_sp_d16_hard_t_le_eabi.a(libvfscanf.o)
                              (__vfscanf_long)
/usr/share/segger_embedded_studio_for_arm_5.70a/lib/libc_v7em_fpv4_sp_d16_hard_t_le_eabi.a(libc.o)
                              /usr/share/segger_embedded_studio_for_arm_5.70a/lib/libc_v7em_fpv4_sp_d16_hard_t_le_eabi.a(libc2.o) (__heap_lock)
/usr/share/segger_embedded_studio_for_arm_5.70a/lib/libc_v7em_fpv4_sp_d16_hard_t_le_eabi.a(libc_asm.o)
                              /usr/share/segger_embedded_studio_for_arm_5.70a/lib/libc_v7em_fpv4_sp_d16_hard_t_le_eabi.a(libc2.o) (__aeabi_uldivmod)
/usr/share/segger_embedded_studio_for_arm_5.70a/lib/libdebugio_v7em_fpv4_sp_d16_hard_t_le_eabi.a(libdebugio.o)
                              Output/Release/Obj/ble_sensor/thumb_crt0.o (debug_fopen)
/usr/share/segger_embedded_studio_for_arm_5.70a/lib/libdebugio_v7em_fpv4_sp_d16_hard_t_le_eabi.a(do_nv_debug_operation.o)
                              /usr/share/segger_embedded_studio_for_arm_5.70a/lib/libdebugio_v7em_fpv4_sp_d16_hard_t_le_eabi.a(libdebugio.o) (__do_nvdebug_operation)
/usr/share/segger_embedded_studio_for_arm_5.70a/lib/libdebugio_v7em_fpv4_sp_d16_hard_t_le_eabi.a(mempoll_debug_operations.o)
                              (__do_debug_operation_mempoll)
/usr/share/segger_embedded_studio_for_arm_5.70a/lib/libm_v7em_fpv4_sp_d16_hard_t_le_eabi.a(libm_asm.o)
                              /usr/share/segger_embedded_studio_for_arm_5.70a/lib/libc_v7em_fpv4_sp_d16_hard_t_le_eabi.a(libc2.o) (__aeabi_dadd)
/usr/share/segger_embedded_studio_for_arm_5.70a/lib/libm_v7em_fpv4_sp_d16_hard_t_le_eabi.a(libm2.o)
                              /usr/share/segger_embedded_studio_for_arm_5.70a/lib/libc_v7em_fpv4_sp_d16_hard_t_le_eabi.a(libvfprintf.o) (frexp)

Discarded input sections

 .text          0x0000000000000000        0x0 Output/Release/Obj/ble_sensor/thumb_crt0.o
 .data          0x0000000000000000        0x0 Output/Release/Obj/ble_sensor/thumb_crt0.o
 .bss           0x0000000000000000        0x0 Output/Release/Obj/ble_sensor/thumb_crt0.o
 .text.__aeabi_read_tp
                0x0000000000000000        0x8 Output/Release/Obj/ble_sensor/thumb_crt0.o
 .text.abort    0x0000000000000000        0x2 Output/Release/Obj/ble_sensor/thumb_crt0.o
 .text.__assert
                0x0000000000000000        0x2 Output/Release/Obj/ble_sensor/thumb_crt0.o
 .text.__assert_func
                0x0000000000000000        0x2 Output/Release/Obj/ble_sensor/thumb_crt0.o
 .text.__aeabi_assert
                0x0000000000000000        0x2 Output/Release/Obj/ble_sensor/thumb_crt0.o
 .text.__sync_synchronize
                0x0000000000000000        0x2 Output/Release/Obj/ble_sensor/thumb_crt0.o
 .text.__getchar
                0x0000000000000000        0x4 Output/Release/Obj/ble_sensor/thumb_crt0.o
 .text.__putchar
                0x0000000000000000        0x4 Output/Release/Obj/ble_sensor/thumb_crt0.o
 .text.__open   0x0000000000000000        0x4 Output/Release/Obj/ble_sensor/thumb_crt0.o
 .text.__close  0x0000000000000000        0x4 Output/Release/Obj/ble_sensor/thumb_crt0.o
 .text.__write  0x0000000000000000        0xa Output/Release/Obj/ble_sensor/thumb_crt0.o
 .text.__read   0x0000000000000000        0xa Output/Release/Obj/ble_sensor/thumb_crt0.o
 .text.__seek   0x0000000000000000       0x1a Output/Release/Obj/ble_sensor/thumb_crt0.o
 .text.remove   0x0000000000000000        0x4 Output/Release/Obj/ble_sensor/thumb_crt0.o
 .text.rename   0x0000000000000000        0x4 Output/Release/Obj/ble_sensor/thumb_crt0.o
 .bss.__user_locale_name_buffer
                0x0000000000000000        0x4 Output/Release/Obj/ble_sensor/thumb_crt0.o
 .stack         0x0000000000000000        0x0 Output/Release/Obj/ble_sensor/thumb_crt0.o
 .stack_process
                0x0000000000000000        0x0 Output/Release/Obj/ble_sensor/thumb_crt0.o
 .heap          0x0000000000000000        0x0 Output/Release/Obj/ble_sensor/thumb_crt0.o
 .group         0x0000000000000000        0xc Output/Release/Obj/ble_sensor/sht4x.o
 .group         0x0000000000000000        0xc Output/Release/Obj/ble_sensor/sht4x.o
 .text          0x0000000000000000        0x0 Output/Release/Obj/ble_sensor/sht4x.o
 .data          0x0000000000000000        0x0 Output/Release/Obj/ble_sensor/sht4x.o
 .bss           0x0000000000000000        0x0 Output/Release/Obj/ble_sensor/sht4x.o
[...]
Memory Configuration

Name             Origin             Length             Attributes
UNPLACED_SECTIONS 0x0000000100000000 0x0000000000000000 xw
RAM1             0x0000000020000000 0x0000000000040000 xw
FLASH1           0x0000000000000000 0x0000000000100000 xw
*default*        0x0000000000000000 0xffffffffffffffff

Linker script and memory map

                0x0000000000000000                __do_debug_operation = __do_debug_operation_mempoll
                0x0000000000000000                __vfprintf = __vfprintf_long
                0x0000000000000000                __vfscanf = __vfscanf_long
                0x0000000020000000                __RAM1_segment_start__ = 0x20000000
                0x0000000020040000                __RAM1_segment_end__ = 0x20040000
                0x0000000000040000                __RAM1_segment_size__ = 0x40000
                0x0000000000000000                __FLASH1_segment_start__ = 0x0
                0x0000000000100000                __FLASH1_segment_end__ = 0x100000
                0x0000000000100000                __FLASH1_segment_size__ = 0x100000
                0x0000000000002000                __HEAPSIZE__ = 0x2000
                0x0000000000000000                __STACKSIZE_PROCESS__ = 0x0
                0x0000000000002000                __STACKSIZE__ = 0x2000
                0x0000000020000000                __reserved_ram_load_start__ = 0x20000000

.reserved_ram   0x0000000020000000     0x2ae8
                0x0000000020000000                __reserved_ram_start__ = .
 *(.reserved_ram .reserved_ram.*)
                0x0000000020002ae8                . = MAX (((__reserved_ram_start__ + 0x20002ae8) - 0x20000000), .)
 *fill*         0x0000000020000000     0x2ae8 
                0x0000000020002ae8                __reserved_ram_end__ = (__reserved_ram_start__ + SIZEOF (.reserved_ram))
                0x0000000000002ae8                __reserved_ram_size__ = SIZEOF (.reserved_ram)
                0x0000000020002ae8                __reserved_ram_load_end__ = __reserved_ram_end__
                0x0000000000000001                . = ASSERT (((__reserved_ram_start__ == __reserved_ram_end__) || ((__reserved_ram_end__ - __RAM1_segment_start__) <= __RAM1_segment_size__)), error: .reserved_ram is too large to fit in RAM1 memory segment)
                0x0000000020002ae8                __vectors_ram_load_start__ = 0x20002ae8

.vectors_ram    0x0000000020002ae8        0x0
                0x0000000020002ae8                __vectors_ram_start__ = .
                0x0000000020002ae8                __app_ram_start__ = __vectors_ram_start__
 *(.vectors_ram .vectors_ram.*)
                0x0000000020002ae8                __vectors_ram_end__ = (__vectors_ram_start__ + SIZEOF (.vectors_ram))
                0x0000000000000000                __vectors_ram_size__ = SIZEOF (.vectors_ram)
                0x0000000020002ae8                __vectors_ram_load_end__ = __vectors_ram_end__
                0x0000000000000001                . = ASSERT (((__vectors_ram_start__ == __vectors_ram_end__) || ((__vectors_ram_end__ - __RAM1_segment_start__) <= __RAM1_segment_size__)), error: .vectors_ram is too large to fit in RAM1 memory segment)
                0x0000000000000001                . = ASSERT ((__reserved_ram_end__ <= __vectors_ram_start__), error: section .reserved_ram overlaps absolute placed section .vectors_ram)
                0x0000000020002ae8                __nrf_sections_run_load_start__ = ALIGN (__vectors_ram_end__, 0x4)

.nrf_sections_run
                0x0000000020002ae8        0x0
                0x0000000020002ae8                __nrf_sections_run_start__ = .
                0x0000000020002ae8                __start_nrf_sections_run = __nrf_sections_run_start__
 *(.nrf_sections_run .nrf_sections_run.*)
                0x0000000020002ae8                __nrf_sections_run_end__ = (__nrf_sections_run_start__ + SIZEOF (.nrf_sections_run))
                0x0000000000000000                __nrf_sections_run_size__ = SIZEOF (.nrf_sections_run)
                0x0000000020002ae8                __nrf_sections_run_load_end__ = __nrf_sections_run_end__
                0x0000000000000001                . = ASSERT (((__nrf_sections_run_start__ == __nrf_sections_run_end__) || ((__nrf_sections_run_end__ - __RAM1_segment_start__) <= __RAM1_segment_size__)), error: .nrf_sections_run is too large to fit in RAM1 memory segment)
                0x0000000000000000                __reserved_flash_load_start__ = 0x0

.reserved_flash
                0x0000000000000000    0x27000
                0x0000000000000000                __reserved_flash_start__ = .
 *(.reserved_flash .reserved_flash.*)
                0x0000000000027000                . = MAX (((__reserved_flash_start__ + 0x27000) - 0x0), .)
 *fill*         0x0000000000000000    0x27000 
                0x0000000000027000                __reserved_flash_end__ = (__reserved_flash_start__ + SIZEOF (.reserved_flash))
                0x0000000000027000                __reserved_flash_size__ = SIZEOF (.reserved_flash)
                0x0000000000027000                __reserved_flash_load_end__ = __reserved_flash_end__
                0x0000000000000001                . = ASSERT (((__reserved_flash_start__ == __reserved_flash_end__) || ((__reserved_flash_end__ - __FLASH1_segment_start__) <= __FLASH1_segment_size__)), error: .reserved_flash is too large to fit in FLASH1 memory segment)
                0x0000000000027000                __vectors_load_start__ = 0x27000

.vectors        0x0000000000027000      0x200
                0x0000000000027000                __vectors_start__ = .
 *(.vectors .vectors.*)
 .vectors       0x0000000000027000      0x200 Output/Release/Obj/ble_sensor/ses_startup_nrf52840.o
                0x0000000000027000                _vectors
                0x0000000000027200                __vectors_end__ = (__vectors_start__ + SIZEOF (.vectors))
                0x0000000000000200                __vectors_size__ = SIZEOF (.vectors)
                0x0000000000027200                __vectors_load_end__ = __vectors_end__
                0x0000000000000001                . = ASSERT (((__vectors_start__ == __vectors_end__) || ((__vectors_end__ - __FLASH1_segment_start__) <= __FLASH1_segment_size__)), error: .vectors is too large to fit in FLASH1 memory segment)
                0x0000000000000001                . = ASSERT ((__reserved_flash_end__ <= __vectors_start__), error: section .reserved_flash overlaps absolute placed section .vectors)
                0x0000000000027200                __init_load_start__ = ALIGN (__vectors_end__, 0x4)

.init           0x0000000000027200      0x1d0
                0x0000000000027200                __init_start__ = .
 *(.init .init.*)
 .init          0x0000000000027200      0x15c Output/Release/Obj/ble_sensor/thumb_crt0.o
                0x0000000000027200                _start
                0x00000000000272b4                exit
 .init          0x000000000002735c       0x18 Output/Release/Obj/ble_sensor/ses_startup_nrf52840.o
                0x000000000002735c                NMI_Handler
                0x0000000000027360                MemoryManagement_Handler
                0x0000000000027362                BusFault_Handler
                0x0000000000027364                UsageFault_Handler
                0x0000000000027368                DebugMon_Handler
                0x000000000002736c                SysTick_Handler
                0x000000000002736e                TIMER2_IRQHandler
                0x000000000002736e                RTC0_IRQHandler
                0x000000000002736e                SWI0_EGU0_IRQHandler
                0x000000000002736e                PWM1_IRQHandler
                0x000000000002736e                RADIO_IRQHandler
                0x000000000002736e                PDM_IRQHandler
                0x000000000002736e                TEMP_IRQHandler
                0x000000000002736e                QDEC_IRQHandler
                0x000000000002736e                TIMER3_IRQHandler
                0x000000000002736e                PWM3_IRQHandler
                0x000000000002736e                FPU_IRQHandler
                0x000000000002736e                USBD_IRQHandler
                0x000000000002736e                TIMER4_IRQHandler
                0x000000000002736e                CRYPTOCELL_IRQHandler
                0x000000000002736e                I2S_IRQHandler
                0x000000000002736e                SWI4_EGU4_IRQHandler
                0x000000000002736e                TIMER0_IRQHandler
                0x000000000002736e                UARTE1_IRQHandler
                0x000000000002736e                Dummy_Handler
                0x000000000002736e                TIMER1_IRQHandler
                0x000000000002736e                SPIM3_IRQHandler
                0x000000000002736e                PWM2_IRQHandler
                0x000000000002736e                ECB_IRQHandler
                0x000000000002736e                SAADC_IRQHandler
                0x000000000002736e                CCM_AAR_IRQHandler
                0x000000000002736e                WDT_IRQHandler
                0x000000000002736e                SWI5_EGU5_IRQHandler
                0x000000000002736e                RNG_IRQHandler
                0x000000000002736e                RTC2_IRQHandler
                0x000000000002736e                PWM0_IRQHandler
                0x000000000002736e                SWI3_EGU3_IRQHandler
                0x000000000002736e                SWI1_EGU1_IRQHandler
                0x000000000002736e                SPIM2_SPIS2_SPI2_IRQHandler
                0x000000000002736e                NFCT_IRQHandler
                0x000000000002736e                MWU_IRQHandler
                0x000000000002736e                QSPI_IRQHandler
                0x000000000002736e                COMP_LPCOMP_IRQHandler
                0x0000000000027370                nRFInitialize
 .init          0x0000000000027374       0x5c Output/Release/Obj/ble_sensor/ses_startup_nrf_common.o
                0x0000000000027374                Reset_Handler
                0x0000000000027378                afterInitialize
                0x000000000002739c                InitializeUserMemorySections
                0x00000000000273d0                __init_end__ = (__init_start__ + SIZEOF (.init))
                0x00000000000001d0                __init_size__ = SIZEOF (.init)
                0x00000000000273d0                __init_load_end__ = __init_end__
                0x0000000000000001                . = ASSERT (((__init_start__ == __init_end__) || ((__init_end__ - __FLASH1_segment_start__) <= __FLASH1_segment_size__)), error: .init is too large to fit in FLASH1 memory segment)
                0x00000000000273d0                __init_rodata_load_start__ = ALIGN (__init_end__, 0x4)

.init_rodata    0x00000000000273d0        0x0
                0x00000000000273d0                __init_rodata_start__ = .
 *(.init_rodata .init_rodata.*)
                0x00000000000273d0                __init_rodata_end__ = (__init_rodata_start__ + SIZEOF (.init_rodata))
                0x0000000000000000                __init_rodata_size__ = SIZEOF (.init_rodata)
                0x00000000000273d0                __init_rodata_load_end__ = __init_rodata_end__
                0x0000000000000001                . = ASSERT (((__init_rodata_start__ == __init_rodata_end__) || ((__init_rodata_end__ - __FLASH1_segment_start__) <= __FLASH1_segment_size__)), error: .init_rodata is too large to fit in FLASH1 memory segment)
                0x00000000000273d0                __text_load_start__ = ALIGN (__init_rodata_end__, 0x4)

.text           0x00000000000273d0     0x44b8
                0x00000000000273d0                __text_start__ = .
 *(.text .text.* .glue_7t .glue_7 .gnu.linkonce.t.* .gcc_except_table .ARM.extab* .gnu.linkonce.armextab.*)
 .glue_7        0x00000000000273d0        0x0 linker stubs
 .glue_7t       0x00000000000273d0        0x0 linker stubs
 .text.sht4x_measure_ticks.constprop.0
                0x00000000000273d0       0xb0 Output/Release/Obj/ble_sensor/sht4x.o
 .text.sht4x_read_serial_number
                0x0000000000027480       0x40 Output/Release/Obj/ble_sensor/sht4x.o
                0x0000000000027480                sht4x_read_serial_number
 .text.sht4x_init
                0x00000000000274c0       0x80 Output/Release/Obj/ble_sensor/sht4x.o
                0x00000000000274c0                sht4x_init
 .text.sht4x_temp_hum_medium_presition
                0x0000000000027540       0x60 Output/Release/Obj/ble_sensor/sht4x.o
                0x0000000000027540                sht4x_temp_hum_medium_presition
 .text.sht4x_temp_hum_high_presition
                0x00000000000275a0        0x4 Output/Release/Obj/ble_sensor/sht4x.o
                0x00000000000275a0                sht4x_temp_hum_high_presition
 .text.sht4x_init_port
                0x00000000000275a4        0xc Output/Release/Obj/ble_sensor/sht4x_port.o
                0x00000000000275a4                sht4x_init_port
 .text.sht4x_write
                0x00000000000275b0       0x20 Output/Release/Obj/ble_sensor/sht4x_port.o
                0x00000000000275b0                sht4x_write
 .text.sht4x_read
                0x00000000000275d0       0x1c Output/Release/Obj/ble_sensor/sht4x_port.o
                0x00000000000275d0                sht4x_read
 .text.sht4x_sleep
                0x00000000000275ec       0x1c Output/Release/Obj/ble_sensor/sht4x_port.o
                0x00000000000275ec                sht4x_sleep
 .text.sht4x_print
                0x0000000000027608        0x2 Output/Release/Obj/ble_sensor/sht4x_port.o
                0x0000000000027608                sht4x_print
 .text.app_error_handler_bare
                0x000000000002760a       0x1a Output/Release/Obj/ble_sensor/app_error.o
                0x000000000002760a                app_error_handler_bare
 .text.app_error_fault_handler
                0x0000000000027624       0x30 Output/Release/Obj/ble_sensor/app_error_weak.o
                0x0000000000027624                app_error_fault_handler
 .text.app_timer_callback
                0x0000000000027654       0x1e Output/Release/Obj/ble_sensor/app_timer_freertos.o
 .text.app_timer_init
                0x0000000000027672        0x4 Output/Release/Obj/ble_sensor/app_timer_freertos.o
                0x0000000000027672                app_timer_init
 *fill*         0x0000000000027676        0x2 
 .text.app_timer_create
                0x0000000000027678       0x5c Output/Release/Obj/ble_sensor/app_timer_freertos.o
                0x0000000000027678                app_timer_create
 .text.app_timer_start
                0x00000000000276d4       0xa0 Output/Release/Obj/ble_sensor/app_timer_freertos.o
                0x00000000000276d4                app_timer_start
 .text.app_timer_stop
                0x0000000000027774       0x60 Output/Release/Obj/ble_sensor/app_timer_freertos.o
                0x0000000000027774                app_timer_stop
 .text.app_util_critical_region_enter
                0x00000000000277d4       0x48 Output/Release/Obj/ble_sensor/app_util_platform.o
                0x00000000000277d4                app_util_critical_region_enter
 .text.app_util_critical_region_exit
                0x000000000002781c       0x2c Output/Release/Obj/ble_sensor/app_util_platform.o
                0x000000000002781c                app_util_critical_region_exit
 .text.HardFault_Handler
                0x0000000000027848       0x34 Output/Release/Obj/ble_sensor/hardfault_handler_gcc.o
                0x0000000000027848                HardFault_Handler
 .text.HardFault_process
                0x000000000002787c       0x24 Output/Release/Obj/ble_sensor/hardfault_implementation.o
                0x000000000002787c                HardFault_process
 .text.HardFault_c_handler
                0x00000000000278a0       0x14 Output/Release/Obj/ble_sensor/hardfault_implementation.o
                0x00000000000278a0                HardFault_c_handler
 .text.nrf_atflags_set
                0x00000000000278b4       0x12 Output/Release/Obj/ble_sensor/nrf_atflags.o
                0x00000000000278b4                nrf_atflags_set
 .text.nrf_atflags_clear
                0x00000000000278c6       0x14 Output/Release/Obj/ble_sensor/nrf_atflags.o
                0x00000000000278c6                nrf_atflags_clear
 .text.nrf_atflags_get
                0x00000000000278da       0x12 Output/Release/Obj/ble_sensor/nrf_atflags.o
                0x00000000000278da                nrf_atflags_get
 .text.nrf_atomic_u32_or
                0x00000000000278ec       0x18 Output/Release/Obj/ble_sensor/nrf_atomic.o
                0x00000000000278ec                nrf_atomic_u32_or
 .text.nrf_atomic_u32_and
                0x0000000000027904       0x18 Output/Release/Obj/ble_sensor/nrf_atomic.o
                0x0000000000027904                nrf_atomic_u32_and
 .text.nrf_pwr_mgmt_init
                0x000000000002791c       0x2c Output/Release/Obj/ble_sensor/nrf_pwr_mgmt.o
                0x000000000002791c                nrf_pwr_mgmt_init
 .text.nrf_section_iter_init
                0x0000000000027948       0x14 Output/Release/Obj/ble_sensor/nrf_section_iter.o
                0x0000000000027948                nrf_section_iter_init
 .text.nrf_section_iter_next
                0x000000000002795c       0x18 Output/Release/Obj/ble_sensor/nrf_section_iter.o
                0x000000000002795c                nrf_section_iter_next
 .text.nrf52_errata_36
                0x0000000000027974       0x12 Output/Release/Obj/ble_sensor/system_nrf52840.o
 *fill*         0x0000000000027986        0x2 
 .text.nrf52_errata_98
                0x0000000000027988       0x24 Output/Release/Obj/ble_sensor/system_nrf52840.o
 .text.nvmc_wait
                0x00000000000279ac       0x10 Output/Release/Obj/ble_sensor/system_nrf52840.o
                0x00000000000279ac                nvmc_wait
 .text.SystemInit
                0x00000000000279bc      0x1e8 Output/Release/Obj/ble_sensor/system_nrf52840.o
                0x00000000000279bc                SystemInit
 .text.pvPortMalloc
                0x0000000000027ba4       0x50 Output/Release/Obj/ble_sensor/heap_1.o
                0x0000000000027ba4                pvPortMalloc
 .text.vPortFree
                0x0000000000027bf4        0x2 Output/Release/Obj/ble_sensor/heap_1.o
                0x0000000000027bf4                vPortFree
 .text.vListInitialise
                0x0000000000027bf6       0x16 Output/Release/Obj/ble_sensor/list.o
                0x0000000000027bf6                vListInitialise
 .text.vListInitialiseItem
                0x0000000000027c0c        0x6 Output/Release/Obj/ble_sensor/list.o
                0x0000000000027c0c                vListInitialiseItem
 .text.vListInsertEnd
                0x0000000000027c12       0x18 Output/Release/Obj/ble_sensor/list.o
                0x0000000000027c12                vListInsertEnd
 .text.vListInsert
                0x0000000000027c2a       0x2e Output/Release/Obj/ble_sensor/list.o
                0x0000000000027c2a                vListInsert
 .text.uxListRemove
                0x0000000000027c58       0x20 Output/Release/Obj/ble_sensor/list.o
                0x0000000000027c58                uxListRemove
 .text.vPortStartFirstTask
                0x0000000000027c78       0x24 Output/Release/Obj/ble_sensor/port.o
                0x0000000000027c78                vPortStartFirstTask
 .text.SVC_Handler
                0x0000000000027c9c       0x20 Output/Release/Obj/ble_sensor/port.o
                0x0000000000027c9c                SVC_Handler
 .text.PendSV_Handler
                0x0000000000027cbc       0x60 Output/Release/Obj/ble_sensor/port.o
                0x0000000000027cbc                PendSV_Handler
 .text.prvTaskExitError
                0x0000000000027d1c        0x8 Output/Release/Obj/ble_sensor/port_cmsis.o
 .text.pxPortInitialiseStack
                0x0000000000027d24       0x24 Output/Release/Obj/ble_sensor/port_cmsis.o
                0x0000000000027d24                pxPortInitialiseStack
 .text.xPortStartScheduler
                0x0000000000027d48       0x4c Output/Release/Obj/ble_sensor/port_cmsis.o
                0x0000000000027d48                xPortStartScheduler
 .text.vPortEnterCritical
                0x0000000000027d94       0x14 Output/Release/Obj/ble_sensor/port_cmsis.o
                0x0000000000027d94                vPortEnterCritical
 .text.vPortExitCritical
                0x0000000000027da8       0x14 Output/Release/Obj/ble_sensor/port_cmsis.o
                0x0000000000027da8                vPortExitCritical
 .text.sd_app_evt_wait
                0x0000000000027dbc        0x4 Output/Release/Obj/ble_sensor/port_cmsis_systick.o
 .text.RTC1_IRQHandler
                0x0000000000027dc0       0x70 Output/Release/Obj/ble_sensor/port_cmsis_systick.o
                0x0000000000027dc0                RTC1_IRQHandler
 .text.vPortSetupTimerInterrupt
                0x0000000000027e30       0x38 Output/Release/Obj/ble_sensor/port_cmsis_systick.o
                0x0000000000027e30                vPortSetupTimerInterrupt
 .text.vPortSuppressTicksAndSleep
                0x0000000000027e68      0x120 Output/Release/Obj/ble_sensor/port_cmsis_systick.o
                0x0000000000027e68                vPortSuppressTicksAndSleep
 .text.prvIsQueueEmpty
                0x0000000000027f88       0x16 Output/Release/Obj/ble_sensor/queue.o
 .text.prvCopyDataToQueue
                0x0000000000027f9e       0x6a Output/Release/Obj/ble_sensor/queue.o
 .text.prvCopyDataFromQueue
                0x0000000000028008       0x2c Output/Release/Obj/ble_sensor/queue.o
 .text.prvUnlockQueue
                0x0000000000028034       0x70 Output/Release/Obj/ble_sensor/queue.o
 .text.xQueueGenericReset
                0x00000000000280a4       0x6c Output/Release/Obj/ble_sensor/queue.o
                0x00000000000280a4                xQueueGenericReset
 .text.xQueueGenericCreate
                0x0000000000028110       0x2e Output/Release/Obj/ble_sensor/queue.o
                0x0000000000028110                xQueueGenericCreate
 *fill*         0x000000000002813e        0x2 
 .text.xQueueGenericSend
                0x0000000000028140      0x108 Output/Release/Obj/ble_sensor/queue.o
                0x0000000000028140                xQueueGenericSend
 .text.xQueueGenericSendFromISR
                0x0000000000028248       0x5e Output/Release/Obj/ble_sensor/queue.o
                0x0000000000028248                xQueueGenericSendFromISR
 *fill*         0x00000000000282a6        0x2 
 .text.xQueueReceive
                0x00000000000282a8       0xf4 Output/Release/Obj/ble_sensor/queue.o
                0x00000000000282a8                xQueueReceive
 .text.vQueueAddToRegistry
                0x000000000002839c       0x1c Output/Release/Obj/ble_sensor/queue.o
                0x000000000002839c                vQueueAddToRegistry
 .text.vQueueWaitForMessageRestricted
                0x00000000000283b8       0x46 Output/Release/Obj/ble_sensor/queue.o
                0x00000000000283b8                vQueueWaitForMessageRestricted
 *fill*         0x00000000000283fe        0x2 
 .text.prvAddCurrentTaskToDelayedList
                0x0000000000028400       0x88 Output/Release/Obj/ble_sensor/tasks.o
 .text.prvGetExpectedIdleTime
                0x0000000000028488       0x3c Output/Release/Obj/ble_sensor/tasks.o
 .text.prvResetNextTaskUnblockTime
                0x00000000000284c4       0x24 Output/Release/Obj/ble_sensor/tasks.o
 .text.xTaskCreate
                0x00000000000284e8      0x1b0 Output/Release/Obj/ble_sensor/tasks.o
                0x00000000000284e8                xTaskCreate
 .text.vTaskStartScheduler
                0x0000000000028698       0x60 Output/Release/Obj/ble_sensor/tasks.o
                0x0000000000028698                vTaskStartScheduler
 .text.vTaskSuspendAll
                0x00000000000286f8       0x10 Output/Release/Obj/ble_sensor/tasks.o
                0x00000000000286f8                vTaskSuspendAll
 .text.xTaskGetTickCount
                0x0000000000028708        0xc Output/Release/Obj/ble_sensor/tasks.o
                0x0000000000028708                xTaskGetTickCount
 .text.xTaskGetTickCountFromISR
                0x0000000000028714        0xc Output/Release/Obj/ble_sensor/tasks.o
                0x0000000000028714                xTaskGetTickCountFromISR
 .text.vTaskStepTick
                0x0000000000028720       0x10 Output/Release/Obj/ble_sensor/tasks.o
                0x0000000000028720                vTaskStepTick
 .text.xTaskIncrementTick
                0x0000000000028730       0xf0 Output/Release/Obj/ble_sensor/tasks.o
                0x0000000000028730                xTaskIncrementTick
 .text.xTaskResumeAll
                0x0000000000028820       0xdc Output/Release/Obj/ble_sensor/tasks.o
                0x0000000000028820                xTaskResumeAll
 .text.prvIdleTask
                0x00000000000288fc       0x84 Output/Release/Obj/ble_sensor/tasks.o
 .text.vTaskSwitchContext
                0x0000000000028980       0x5c Output/Release/Obj/ble_sensor/tasks.o
                0x0000000000028980                vTaskSwitchContext
 .text.vTaskPlaceOnEventList
                0x00000000000289dc       0x20 Output/Release/Obj/ble_sensor/tasks.o
                0x00000000000289dc                vTaskPlaceOnEventList
 .text.vTaskPlaceOnEventListRestricted
                0x00000000000289fc       0x28 Output/Release/Obj/ble_sensor/tasks.o
                0x00000000000289fc                vTaskPlaceOnEventListRestricted
 .text.xTaskRemoveFromEventList
                0x0000000000028a24       0x78 Output/Release/Obj/ble_sensor/tasks.o
                0x0000000000028a24                xTaskRemoveFromEventList
 .text.vTaskInternalSetTimeOutState
                0x0000000000028a9c       0x18 Output/Release/Obj/ble_sensor/tasks.o
                0x0000000000028a9c                vTaskInternalSetTimeOutState
 .text.xTaskCheckForTimeOut
                0x0000000000028ab4       0x50 Output/Release/Obj/ble_sensor/tasks.o
                0x0000000000028ab4                xTaskCheckForTimeOut
 .text.vTaskMissedYield
                0x0000000000028b04        0xc Output/Release/Obj/ble_sensor/tasks.o
                0x0000000000028b04                vTaskMissedYield
 .text.eTaskConfirmSleepModeStatus
                0x0000000000028b10       0x34 Output/Release/Obj/ble_sensor/tasks.o
                0x0000000000028b10                eTaskConfirmSleepModeStatus
 .text.xTaskGetSchedulerState
                0x0000000000028b44       0x20 Output/Release/Obj/ble_sensor/tasks.o
                0x0000000000028b44                xTaskGetSchedulerState
 .text.xTaskPriorityDisinherit
                0x0000000000028b64       0x74 Output/Release/Obj/ble_sensor/tasks.o
                0x0000000000028b64                xTaskPriorityDisinherit
 .text.ulTaskNotifyTake
                0x0000000000028bd8       0x68 Output/Release/Obj/ble_sensor/tasks.o
                0x0000000000028bd8                ulTaskNotifyTake
 .text.vTaskNotifyGiveFromISR
                0x0000000000028c40       0x94 Output/Release/Obj/ble_sensor/tasks.o
                0x0000000000028c40                vTaskNotifyGiveFromISR
 .text.prvCheckForValidListAndQueue
                0x0000000000028cd4       0x58 Output/Release/Obj/ble_sensor/timers.o
 .text.prvInsertTimerInActiveList
                0x0000000000028d2c       0x3c Output/Release/Obj/ble_sensor/timers.o
 .text.xTimerCreateTimerTask
                0x0000000000028d68       0x38 Output/Release/Obj/ble_sensor/timers.o
                0x0000000000028d68                xTimerCreateTimerTask
 .text.xTimerCreate
                0x0000000000028da0       0x34 Output/Release/Obj/ble_sensor/timers.o
                0x0000000000028da0                xTimerCreate
 .text.xTimerGenericCommand
                0x0000000000028dd4       0x44 Output/Release/Obj/ble_sensor/timers.o
                0x0000000000028dd4                xTimerGenericCommand
 .text.prvSampleTimeNow
                0x0000000000028e18       0x94 Output/Release/Obj/ble_sensor/timers.o
 .text.prvTimerTask
                0x0000000000028eac      0x17c Output/Release/Obj/ble_sensor/timers.o
 .text.pvTimerGetTimerID
                0x0000000000029028       0x16 Output/Release/Obj/ble_sensor/timers.o
                0x0000000000029028                pvTimerGetTimerID
 *fill*         0x000000000002903e        0x2 
 .text.clock_clk_started_notify
                0x0000000000029040       0x24 Output/Release/Obj/ble_sensor/nrf_drv_clock.o
 .text.clock_irq_handler
                0x0000000000029064       0x1c Output/Release/Obj/ble_sensor/nrf_drv_clock.o
 .text.soc_evt_handler
                0x0000000000029080       0x14 Output/Release/Obj/ble_sensor/nrf_drv_clock.o
 .text.nrf_drv_clock_init
                0x0000000000029094       0x48 Output/Release/Obj/ble_sensor/nrf_drv_clock.o
                0x0000000000029094                nrf_drv_clock_init
 .text.nrf_drv_clock_lfclk_request
                0x00000000000290dc       0x68 Output/Release/Obj/ble_sensor/nrf_drv_clock.o
                0x00000000000290dc                nrf_drv_clock_lfclk_request
 .text.nrf_drv_clock_lfclk_release
                0x0000000000029144       0x40 Output/Release/Obj/ble_sensor/nrf_drv_clock.o
                0x0000000000029144                nrf_drv_clock_lfclk_release
 .text.sd_state_evt_handler
                0x0000000000029184       0x64 Output/Release/Obj/ble_sensor/nrf_drv_clock.o
 .text.sd_power_pof_enable
                0x00000000000291e8        0x4 Output/Release/Obj/ble_sensor/nrf_drv_power.o
 .text.sd_power_usbpwrrdy_enable
                0x00000000000291ec        0x4 Output/Release/Obj/ble_sensor/nrf_drv_power.o
 .text.sd_power_usbdetected_enable
                0x00000000000291f0        0x4 Output/Release/Obj/ble_sensor/nrf_drv_power.o
 .text.sd_power_usbremoved_enable
                0x00000000000291f4        0x4 Output/Release/Obj/ble_sensor/nrf_drv_power.o
 .text.nrf_drv_power_sd_usbevt_enable
                0x00000000000291f8       0x1e Output/Release/Obj/ble_sensor/nrf_drv_power.o
 .text.nrf_drv_power_sdh_soc_evt_handler
                0x0000000000029216       0x34 Output/Release/Obj/ble_sensor/nrf_drv_power.o
 *fill*         0x000000000002924a        0x2 
 .text.nrf_drv_power_sdh_state_evt_handler
                0x000000000002924c       0x7c Output/Release/Obj/ble_sensor/nrf_drv_power.o
 .text.nrf_clock_event_clear
                0x00000000000292c8       0x14 Output/Release/Obj/ble_sensor/nrfx_clock.o
 .text.nrfx_clock_init
                0x00000000000292dc       0x18 Output/Release/Obj/ble_sensor/nrfx_clock.o
                0x00000000000292dc                nrfx_clock_init
 .text.nrfx_clock_enable
                0x00000000000292f4       0x2c Output/Release/Obj/ble_sensor/nrfx_clock.o
                0x00000000000292f4                nrfx_clock_enable
 .text.nrfx_clock_lfclk_start
                0x0000000000029320       0x1a Output/Release/Obj/ble_sensor/nrfx_clock.o
                0x0000000000029320                nrfx_clock_lfclk_start
 .text.nrfx_clock_lfclk_stop
                0x000000000002933a       0x22 Output/Release/Obj/ble_sensor/nrfx_clock.o
                0x000000000002933a                nrfx_clock_lfclk_stop
 .text.nrfx_clock_irq_handler
                0x000000000002935c       0x50 Output/Release/Obj/ble_sensor/nrfx_clock.o
                0x000000000002935c                nrfx_clock_irq_handler
 .text.nrf_gpiote_event_clear
                0x00000000000293ac       0x18 Output/Release/Obj/ble_sensor/nrfx_gpiote.o
 .text.nrf_gpio_pin_port_decode
                0x00000000000293c4       0x18 Output/Release/Obj/ble_sensor/nrfx_gpiote.o
 .text.nrf_gpio_cfg_sense_set
                0x00000000000293dc       0x2e Output/Release/Obj/ble_sensor/nrfx_gpiote.o
 *fill*         0x000000000002940a        0x2 
 .text.GPIOTE_IRQHandler
                0x000000000002940c      0x17c Output/Release/Obj/ble_sensor/nrfx_gpiote.o
                0x000000000002940c                GPIOTE_IRQHandler
 .text.nrf_power_event_get_and_clear
                0x0000000000029588       0x20 Output/Release/Obj/ble_sensor/nrfx_power.o
 .text.nrfx_power_pof_handler_get
                0x00000000000295a8        0xc Output/Release/Obj/ble_sensor/nrfx_power.o
                0x00000000000295a8                nrfx_power_pof_handler_get
 .text.nrfx_power_usb_handler_get
                0x00000000000295b4        0xc Output/Release/Obj/ble_sensor/nrfx_power.o
                0x00000000000295b4                nrfx_power_usb_handler_get
 .text.nrfx_power_irq_handler
                0x00000000000295c0       0xa0 Output/Release/Obj/ble_sensor/nrfx_power.o
                0x00000000000295c0                nrfx_power_irq_handler
 .text.POWER_CLOCK_IRQHandler
                0x0000000000029660        0xe Output/Release/Obj/ble_sensor/nrfx_power.o
                0x0000000000029660                POWER_CLOCK_IRQHandler
 *fill*         0x000000000002966e        0x2 
 .text.UARTE0_UART0_IRQHandler
                0x0000000000029670        0xc Output/Release/Obj/ble_sensor/nrfx_prs.o
                0x0000000000029670                UARTE0_UART0_IRQHandler
 .text.nrfx_prs_acquire
                0x000000000002967c       0x44 Output/Release/Obj/ble_sensor/nrfx_prs.o
                0x000000000002967c                nrfx_prs_acquire
 .text.nrf_twi_event_clear
                0x00000000000296c0       0x10 Output/Release/Obj/ble_sensor/nrfx_twi.o
 .text.twi_send_byte
                0x00000000000296d0       0x3a Output/Release/Obj/ble_sensor/nrfx_twi.o
 .text.twi_transfer
                0x000000000002970a      0x118 Output/Release/Obj/ble_sensor/nrfx_twi.o
 *fill*         0x0000000000029822        0x2 
 .text.twi_tx_start_transfer
                0x0000000000029824       0xcc Output/Release/Obj/ble_sensor/nrfx_twi.o
 .text.twi_rx_start_transfer
                0x00000000000298f0       0xd8 Output/Release/Obj/ble_sensor/nrfx_twi.o
 .text.twi_irq_handler
                0x00000000000299c8       0xba Output/Release/Obj/ble_sensor/nrfx_twi.o
 *fill*         0x0000000000029a82        0x2 
 .text.SPIM0_SPIS0_TWIM0_TWIS0_SPI0_TWI0_IRQHandler
                0x0000000000029a84       0x10 Output/Release/Obj/ble_sensor/nrfx_twi.o
                0x0000000000029a84                SPIM0_SPIS0_TWIM0_TWIS0_SPI0_TWI0_IRQHandler
 .text.SPIM1_SPIS1_TWIM1_TWIS1_SPI1_TWI1_IRQHandler
                0x0000000000029a94       0x10 Output/Release/Obj/ble_sensor/nrfx_twi.o
                0x0000000000029a94                SPIM1_SPIS1_TWIM1_TWIS1_SPI1_TWI1_IRQHandler
 .text.nrfx_twi_init
                0x0000000000029aa4      0x108 Output/Release/Obj/ble_sensor/nrfx_twi.o
                0x0000000000029aa4                nrfx_twi_init
 .text.nrfx_twi_enable
                0x0000000000029bac       0x20 Output/Release/Obj/ble_sensor/nrfx_twi.o
                0x0000000000029bac                nrfx_twi_enable
 .text.nrfx_twi_xfer
                0x0000000000029bcc       0xd4 Output/Release/Obj/ble_sensor/nrfx_twi.o
                0x0000000000029bcc                nrfx_twi_xfer
 .text.nrfx_twi_tx
                0x0000000000029ca0       0x2c Output/Release/Obj/ble_sensor/nrfx_twi.o
                0x0000000000029ca0                nrfx_twi_tx
 .text.nrfx_twi_rx
                0x0000000000029ccc       0x24 Output/Release/Obj/ble_sensor/nrfx_twi.o
                0x0000000000029ccc                nrfx_twi_rx
 .text.twi_evt_handler
                0x0000000000029cf0       0x40 Output/Release/Obj/ble_sensor/nrf_drv_twi.o
 .text.nrfx_coredep_delay_us.part.0.constprop.0
                0x0000000000029d30       0x10 Output/Release/Obj/ble_sensor/nrf_drv_twi.o
 .text.nrf_gpio_pin_set
                0x0000000000029d40       0x20 Output/Release/Obj/ble_sensor/nrf_drv_twi.o
 .text.nrf_drv_twi_init
                0x0000000000029d60      0x100 Output/Release/Obj/ble_sensor/nrf_drv_twi.o
                0x0000000000029d60                nrf_drv_twi_init
 .text.sd_ble_gap_disconnect
                0x0000000000029e60        0x4 Output/Release/Obj/ble_sensor/main.o
 .text.sd_ble_gap_ppcp_set
                0x0000000000029e64        0x4 Output/Release/Obj/ble_sensor/main.o
 .text.sd_ble_gap_device_name_set
                0x0000000000029e68        0x4 Output/Release/Obj/ble_sensor/main.o
 .text.sd_ble_gap_sec_params_reply
                0x0000000000029e6c        0x4 Output/Release/Obj/ble_sensor/main.o
 .text.sd_ble_gap_phy_update
                0x0000000000029e70        0x4 Output/Release/Obj/ble_sensor/main.o
 .text.sd_ble_gap_data_length_update
                0x0000000000029e74        0x4 Output/Release/Obj/ble_sensor/main.o
 .text.sd_ble_gatts_rw_authorize_reply
                0x0000000000029e78        0x4 Output/Release/Obj/ble_sensor/main.o
 .text.sd_ble_gatts_sys_attr_set
                0x0000000000029e7c        0x4 Output/Release/Obj/ble_sensor/main.o
 .text.sd_ble_user_mem_reply
                0x0000000000029e80        0x4 Output/Release/Obj/ble_sensor/main.o
 .text.nus_data_handler
                0x0000000000029e84        0x2 Output/Release/Obj/ble_sensor/main.o
 .text.conn_params_error_handler
                0x0000000000029e86        0x4 Output/Release/Obj/ble_sensor/main.o
 *fill*         0x0000000000029e8a        0x2 
 .text.advertising_start
                0x0000000000029e8c       0x1c Output/Release/Obj/ble_sensor/main.o
 .text.ble_evt_handler
                0x0000000000029ea8       0xf4 Output/Release/Obj/ble_sensor/main.o
 .text.gatt_evt_handler
                0x0000000000029f9c        0x2 Output/Release/Obj/ble_sensor/main.o
                0x0000000000029f9c                gatt_evt_handler
 *fill*         0x0000000000029f9e        0x2 
 .text.blink_handler
                0x0000000000029fa0       0x48 Output/Release/Obj/ble_sensor/main.o
                0x0000000000029fa0                blink_handler
 .text.on_adv_evt
                0x0000000000029fe8       0x2c Output/Release/Obj/ble_sensor/main.o
 .text.gatt_init
                0x000000000002a014       0x2c Output/Release/Obj/ble_sensor/main.o
                0x000000000002a014                gatt_init
 .text.twi_init
                0x000000000002a040       0x40 Output/Release/Obj/ble_sensor/main.o
                0x000000000002a040                twi_init
 .text.startup.main
                0x000000000002a080      0x178 Output/Release/Obj/ble_sensor/main.o
                0x000000000002a080                main
 .text.sd_ble_gap_addr_get
                0x000000000002a1f8        0x4 Output/Release/Obj/ble_sensor/ble_advdata.o
 .text.sd_ble_gap_appearance_get
                0x000000000002a1fc        0x4 Output/Release/Obj/ble_sensor/ble_advdata.o
 .text.sd_ble_gap_device_name_get
                0x000000000002a200        0x4 Output/Release/Obj/ble_sensor/ble_advdata.o
 .text.sd_ble_uuid_encode
                0x000000000002a204        0x4 Output/Release/Obj/ble_sensor/ble_advdata.o
 .text.uuid_list_sized_encode
                0x000000000002a208       0xac Output/Release/Obj/ble_sensor/ble_advdata.o
 .text.uuid_list_encode
                0x000000000002a2b4       0x38 Output/Release/Obj/ble_sensor/ble_advdata.o
 .text.ble_advdata_encode
                0x000000000002a2ec      0x394 Output/Release/Obj/ble_sensor/ble_advdata.o
                0x000000000002a2ec                ble_advdata_encode
 .text.ble_advdata_search
                0x000000000002a680       0x48 Output/Release/Obj/ble_sensor/ble_advdata.o
                0x000000000002a680                ble_advdata_search
 .text.ble_advdata_parse
                0x000000000002a6c8       0x20 Output/Release/Obj/ble_sensor/ble_advdata.o
                0x000000000002a6c8                ble_advdata_parse
 .text.sd_ble_gap_adv_set_configure
                0x000000000002a6e8        0x4 Output/Release/Obj/ble_sensor/ble_advertising.o
 .text.sd_ble_gap_adv_start
                0x000000000002a6ec        0x4 Output/Release/Obj/ble_sensor/ble_advertising.o
 .text.flags_set
                0x000000000002a6f0       0x2c Output/Release/Obj/ble_sensor/ble_advertising.o
 .text.ble_advertising_conn_cfg_tag_set
                0x000000000002a71c        0x6 Output/Release/Obj/ble_sensor/ble_advertising.o
                0x000000000002a71c                ble_advertising_conn_cfg_tag_set
 .text.ble_advertising_init
                0x000000000002a722       0xea Output/Release/Obj/ble_sensor/ble_advertising.o
                0x000000000002a722                ble_advertising_init
 .text.ble_advertising_start
                0x000000000002a80c      0x21e Output/Release/Obj/ble_sensor/ble_advertising.o
                0x000000000002a80c                ble_advertising_start
 .text.ble_advertising_on_ble_evt
                0x000000000002aa2a       0x6a Output/Release/Obj/ble_sensor/ble_advertising.o
                0x000000000002aa2a                ble_advertising_on_ble_evt
 .text.sd_ble_gap_conn_param_update
                0x000000000002aa94        0x4 Output/Release/Obj/ble_sensor/ble_conn_params.o
 .text.sd_ble_gap_disconnect
                0x000000000002aa98        0x4 Output/Release/Obj/ble_sensor/ble_conn_params.o
 .text.sd_ble_gap_ppcp_set
                0x000000000002aa9c        0x4 Output/Release/Obj/ble_sensor/ble_conn_params.o
 .text.sd_ble_gap_ppcp_get
                0x000000000002aaa0        0x4 Output/Release/Obj/ble_sensor/ble_conn_params.o
 .text.instance_get
                0x000000000002aaa4       0x14 Output/Release/Obj/ble_sensor/ble_conn_params.o
 .text.send_error_evt
                0x000000000002aab8       0x10 Output/Release/Obj/ble_sensor/ble_conn_params.o
 .text.update_timeout_handler
                0x000000000002aac8       0x70 Output/Release/Obj/ble_sensor/ble_conn_params.o
 .text.conn_params_negotiation
                0x000000000002ab38       0x48 Output/Release/Obj/ble_sensor/ble_conn_params.o
 .text.is_conn_params_ok.constprop.0
                0x000000000002ab80       0x32 Output/Release/Obj/ble_sensor/ble_conn_params.o
 *fill*         0x000000000002abb2        0x2 
 .text.ble_evt_handler
                0x000000000002abb4       0xe0 Output/Release/Obj/ble_sensor/ble_conn_params.o
 .text.ble_conn_params_init
                0x000000000002ac94       0x74 Output/Release/Obj/ble_sensor/ble_conn_params.o
                0x000000000002ac94                ble_conn_params_init
 .text.flag_toggle
                0x000000000002ad08        0xa Output/Release/Obj/ble_sensor/ble_conn_state.o
 .text.conn_handle_list_get
                0x000000000002ad12       0x2e Output/Release/Obj/ble_sensor/ble_conn_state.o
                0x000000000002ad12                conn_handle_list_get
 .text.ble_evt_handler
                0x000000000002ad40      0x110 Output/Release/Obj/ble_sensor/ble_conn_state.o
 .text.ble_conn_state_valid
                0x000000000002ae50       0x14 Output/Release/Obj/ble_sensor/ble_conn_state.o
                0x000000000002ae50                ble_conn_state_valid
 .text.ble_conn_state_conn_idx
                0x000000000002ae64       0x12 Output/Release/Obj/ble_sensor/ble_conn_state.o
                0x000000000002ae64                ble_conn_state_conn_idx
 .text.blcm_link_ctx_get
                0x000000000002ae76       0x4e Output/Release/Obj/ble_sensor/ble_link_ctx_manager.o
                0x000000000002ae76                blcm_link_ctx_get
 .text.sd_ble_gatts_characteristic_add
                0x000000000002aec4        0x4 Output/Release/Obj/ble_sensor/ble_srv_common.o
 .text.set_security_req
                0x000000000002aec8       0x2a Output/Release/Obj/ble_sensor/ble_srv_common.o
 .text.ble_srv_is_notification_enabled
                0x000000000002aef2        0x8 Output/Release/Obj/ble_sensor/ble_srv_common.o
                0x000000000002aef2                ble_srv_is_notification_enabled
 .text.characteristic_add
                0x000000000002aefa      0x148 Output/Release/Obj/ble_sensor/ble_srv_common.o
                0x000000000002aefa                characteristic_add
 .text.sd_ble_gap_data_length_update
                0x000000000002b042        0x4 Output/Release/Obj/ble_sensor/nrf_ble_gatt.o
 .text.sd_ble_gattc_exchange_mtu_request
                0x000000000002b046        0x4 Output/Release/Obj/ble_sensor/nrf_ble_gatt.o
 .text.sd_ble_gatts_exchange_mtu_reply
                0x000000000002b04a        0x4 Output/Release/Obj/ble_sensor/nrf_ble_gatt.o
 .text.data_length_update
                0x000000000002b04e       0x28 Output/Release/Obj/ble_sensor/nrf_ble_gatt.o
 .text.nrf_ble_gatt_init
                0x000000000002b076       0x28 Output/Release/Obj/ble_sensor/nrf_ble_gatt.o
                0x000000000002b076                nrf_ble_gatt_init
 .text.nrf_ble_gatt_att_mtu_periph_set
                0x000000000002b09e       0x18 Output/Release/Obj/ble_sensor/nrf_ble_gatt.o
                0x000000000002b09e                nrf_ble_gatt_att_mtu_periph_set
 .text.nrf_ble_gatt_on_ble_evt
                0x000000000002b0b6      0x138 Output/Release/Obj/ble_sensor/nrf_ble_gatt.o
                0x000000000002b0b6                nrf_ble_gatt_on_ble_evt
 .text.sd_ble_gatts_service_add
                0x000000000002b1ee        0x4 Output/Release/Obj/ble_sensor/ble_nus.o
 .text.sd_ble_gatts_value_get
                0x000000000002b1f2        0x4 Output/Release/Obj/ble_sensor/ble_nus.o
 .text.sd_ble_gatts_hvx
                0x000000000002b1f6        0x4 Output/Release/Obj/ble_sensor/ble_nus.o
 .text.sd_ble_uuid_vs_add
                0x000000000002b1fa        0x4 Output/Release/Obj/ble_sensor/ble_nus.o
 .text.ble_nus_on_ble_evt
                0x000000000002b1fe      0x130 Output/Release/Obj/ble_sensor/ble_nus.o
                0x000000000002b1fe                ble_nus_on_ble_evt
 *fill*         0x000000000002b32e        0x2 
 .text.ble_nus_init
                0x000000000002b330       0xf4 Output/Release/Obj/ble_sensor/ble_nus.o
                0x000000000002b330                ble_nus_init
 .text.ble_nus_data_send
                0x000000000002b424       0x64 Output/Release/Obj/ble_sensor/ble_nus.o
                0x000000000002b424                ble_nus_data_send
 .text.sd_softdevice_enable
                0x000000000002b488        0x4 Output/Release/Obj/ble_sensor/nrf_sdh.o
 .text.sdh_request_observer_notify
                0x000000000002b48c       0x30 Output/Release/Obj/ble_sensor/nrf_sdh.o
 .text.sdh_state_observer_notify
                0x000000000002b4bc       0x28 Output/Release/Obj/ble_sensor/nrf_sdh.o
 .text.softdevices_evt_irq_enable
                0x000000000002b4e4       0x38 Output/Release/Obj/ble_sensor/nrf_sdh.o
 .text.nrf_sdh_enable_request
                0x000000000002b51c       0x7c Output/Release/Obj/ble_sensor/nrf_sdh.o
                0x000000000002b51c                nrf_sdh_enable_request
 .text.nrf_sdh_is_enabled
                0x000000000002b598        0xc Output/Release/Obj/ble_sensor/nrf_sdh.o
                0x000000000002b598                nrf_sdh_is_enabled
 .text.nrf_sdh_evts_poll
                0x000000000002b5a4       0x28 Output/Release/Obj/ble_sensor/nrf_sdh.o
                0x000000000002b5a4                nrf_sdh_evts_poll
 .text.sd_ble_enable
                0x000000000002b5cc        0x4 Output/Release/Obj/ble_sensor/nrf_sdh_ble.o
 .text.sd_ble_cfg_set
                0x000000000002b5d0        0x4 Output/Release/Obj/ble_sensor/nrf_sdh_ble.o
 .text.sd_ble_evt_get
                0x000000000002b5d4        0x4 Output/Release/Obj/ble_sensor/nrf_sdh_ble.o
 .text.nrf_sdh_ble_evts_poll.part.0
                0x000000000002b5d8       0x54 Output/Release/Obj/ble_sensor/nrf_sdh_ble.o
 .text.nrf_sdh_ble_evts_poll
                0x000000000002b62c       0x10 Output/Release/Obj/ble_sensor/nrf_sdh_ble.o
 .text.nrf_sdh_ble_default_cfg_set
                0x000000000002b63c       0xa4 Output/Release/Obj/ble_sensor/nrf_sdh_ble.o
                0x000000000002b63c                nrf_sdh_ble_default_cfg_set
 .text.nrf_sdh_ble_enable
                0x000000000002b6e0       0x14 Output/Release/Obj/ble_sensor/nrf_sdh_ble.o
                0x000000000002b6e0                nrf_sdh_ble_enable
 .text.softdevice_task
                0x000000000002b6f4       0x20 Output/Release/Obj/ble_sensor/nrf_sdh_freertos.o
 .text.SWI2_EGU2_IRQHandler
                0x000000000002b714       0x34 Output/Release/Obj/ble_sensor/nrf_sdh_freertos.o
                0x000000000002b714                SWI2_EGU2_IRQHandler
 .text.nrf_sdh_freertos_init
                0x000000000002b748       0x44 Output/Release/Obj/ble_sensor/nrf_sdh_freertos.o
                0x000000000002b748                nrf_sdh_freertos_init
 .text.sd_evt_get
                0x000000000002b78c        0x4 Output/Release/Obj/ble_sensor/nrf_sdh_soc.o
 .text.nrf_sdh_soc_evts_poll
                0x000000000002b790       0x40 Output/Release/Obj/ble_sensor/nrf_sdh_soc.o
 .text.libc.memcpy
                0x000000000002b7d0       0x52 /usr/share/segger_embedded_studio_for_arm_5.70a/lib/libc_v7em_fpv4_sp_d16_hard_t_le_eabi.a(libc2_asm.o)
                0x000000000002b7d0                memcpy
                0x000000000002b7d0                __aeabi_memcpy
                0x000000000002b7dc                __aeabi_memcpy4
                0x000000000002b7dc                __aeabi_memcpy8
 .text.libc.memset
                0x000000000002b822       0x66 /usr/share/segger_embedded_studio_for_arm_5.70a/lib/libc_v7em_fpv4_sp_d16_hard_t_le_eabi.a(libc2_asm.o)
                0x000000000002b822                memset
                0x000000000002b888                . = ALIGN (MAX ((__text_start__ + 0x4), .), 0x4)
                0x000000000002b888                __text_end__ = (__text_start__ + SIZEOF (.text))
                0x00000000000044b8                __text_size__ = SIZEOF (.text)
                0x000000000002b888                __text_load_end__ = __text_end__

.vfp11_veneer   0x0000000100000000        0x0
 .vfp11_veneer  0x0000000100000000        0x0 linker stubs

.v4_bx          0x0000000100000000        0x0
 .v4_bx         0x0000000100000000        0x0 linker stubs

.iplt           0x0000000100000000        0x0
 .iplt          0x0000000100000000        0x0 Output/Release/Obj/ble_sensor/thumb_crt0.o
                0x0000000000000001                . = ASSERT (((__text_start__ == __text_end__) || ((__text_end__ - __FLASH1_segment_start__) <= __FLASH1_segment_size__)), error: .text is too large to fit in FLASH1 memory segment)
                0x000000000002b888                __sdh_soc_observers_load_start__ = ALIGN (__text_end__, 0x4)

.sdh_soc_observers
                0x000000000002b888       0x10
                0x000000000002b888                __sdh_soc_observers_start__ = .
                0x000000000002b888                __start_sdh_soc_observers = __sdh_soc_observers_start__
 *(SORT_BY_NAME(.sdh_soc_observers*))
 .sdh_soc_observers0
                0x000000000002b888        0x8 Output/Release/Obj/ble_sensor/nrf_drv_clock.o
 .sdh_soc_observers0
                0x000000000002b890        0x8 Output/Release/Obj/ble_sensor/nrf_drv_power.o
                0x000000000002b898                __sdh_soc_observers_end__ = (__sdh_soc_observers_start__ + SIZEOF (.sdh_soc_observers))
                0x0000000000000010                __sdh_soc_observers_size__ = SIZEOF (.sdh_soc_observers)
                0x000000000002b898                __stop_sdh_soc_observers = __sdh_soc_observers_end__
                0x000000000002b898                __sdh_soc_observers_load_end__ = __sdh_soc_observers_end__
                0x0000000000000001                . = ASSERT (((__sdh_soc_observers_start__ == __sdh_soc_observers_end__) || ((__sdh_soc_observers_end__ - __FLASH1_segment_start__) <= __FLASH1_segment_size__)), error: .sdh_soc_observers is too large to fit in FLASH1 memory segment)
                0x000000000002b898                __pwr_mgmt_data_load_start__ = ALIGN (__sdh_soc_observers_end__, 0x4)

.pwr_mgmt_data  0x000000000002b898        0x0
                0x000000000002b898                __pwr_mgmt_data_start__ = .
                0x000000000002b898                __start_pwr_mgmt_data = __pwr_mgmt_data_start__
 *(SORT_BY_NAME(.pwr_mgmt_data*))
                0x000000000002b898                __pwr_mgmt_data_end__ = (__pwr_mgmt_data_start__ + SIZEOF (.pwr_mgmt_data))
                0x0000000000000000                __pwr_mgmt_data_size__ = SIZEOF (.pwr_mgmt_data)
                0x000000000002b898                __stop_pwr_mgmt_data = __pwr_mgmt_data_end__
                0x000000000002b898                __pwr_mgmt_data_load_end__ = __pwr_mgmt_data_end__
                0x0000000000000001                . = ASSERT (((__pwr_mgmt_data_start__ == __pwr_mgmt_data_end__) || ((__pwr_mgmt_data_end__ - __FLASH1_segment_start__) <= __FLASH1_segment_size__)), error: .pwr_mgmt_data is too large to fit in FLASH1 memory segment)
                0x000000000002b898                __sdh_ble_observers_load_start__ = ALIGN (__pwr_mgmt_data_end__, 0x4)

.sdh_ble_observers
                0x000000000002b898       0x30
                0x000000000002b898                __sdh_ble_observers_start__ = .
                0x000000000002b898                __start_sdh_ble_observers = __sdh_ble_observers_start__
 *(SORT_BY_NAME(.sdh_ble_observers*))
 .sdh_ble_observers0
                0x000000000002b898        0x8 Output/Release/Obj/ble_sensor/ble_conn_state.o
 .sdh_ble_observers1
                0x000000000002b8a0       0x10 Output/Release/Obj/ble_sensor/main.o
 .sdh_ble_observers1
                0x000000000002b8b0        0x8 Output/Release/Obj/ble_sensor/ble_conn_params.o
 .sdh_ble_observers2
                0x000000000002b8b8        0x8 Output/Release/Obj/ble_sensor/main.o
 .sdh_ble_observers3
                0x000000000002b8c0        0x8 Output/Release/Obj/ble_sensor/main.o
                0x000000000002b8c8                __sdh_ble_observers_end__ = (__sdh_ble_observers_start__ + SIZEOF (.sdh_ble_observers))
                0x0000000000000030                __sdh_ble_observers_size__ = SIZEOF (.sdh_ble_observers)
                0x000000000002b8c8                __stop_sdh_ble_observers = __sdh_ble_observers_end__
                0x000000000002b8c8                __sdh_ble_observers_load_end__ = __sdh_ble_observers_end__
                0x0000000000000001                . = ASSERT (((__sdh_ble_observers_start__ == __sdh_ble_observers_end__) || ((__sdh_ble_observers_end__ - __FLASH1_segment_start__) <= __FLASH1_segment_size__)), error: .sdh_ble_observers is too large to fit in FLASH1 memory segment)
                0x000000000002b8c8                __sdh_req_observers_load_start__ = ALIGN (__sdh_ble_observers_end__, 0x4)

.sdh_req_observers
                0x000000000002b8c8        0x0
                0x000000000002b8c8                __sdh_req_observers_start__ = .
                0x000000000002b8c8                __start_sdh_req_observers = __sdh_req_observers_start__
 *(SORT_BY_NAME(.sdh_req_observers*))
                0x000000000002b8c8                __sdh_req_observers_end__ = (__sdh_req_observers_start__ + SIZEOF (.sdh_req_observers))
                0x0000000000000000                __sdh_req_observers_size__ = SIZEOF (.sdh_req_observers)
                0x000000000002b8c8                __stop_sdh_req_observers = __sdh_req_observers_end__
                0x000000000002b8c8                __sdh_req_observers_load_end__ = __sdh_req_observers_end__
                0x0000000000000001                . = ASSERT (((__sdh_req_observers_start__ == __sdh_req_observers_end__) || ((__sdh_req_observers_end__ - __FLASH1_segment_start__) <= __FLASH1_segment_size__)), error: .sdh_req_observers is too large to fit in FLASH1 memory segment)
                0x000000000002b8c8                __sdh_state_observers_load_start__ = ALIGN (__sdh_req_observers_end__, 0x4)

.sdh_state_observers
                0x000000000002b8c8       0x10
                0x000000000002b8c8                __sdh_state_observers_start__ = .
                0x000000000002b8c8                __start_sdh_state_observers = __sdh_state_observers_start__
 *(SORT_BY_NAME(.sdh_state_observers*))
 .sdh_state_observers0
                0x000000000002b8c8        0x8 Output/Release/Obj/ble_sensor/nrf_drv_clock.o
 .sdh_state_observers0
                0x000000000002b8d0        0x8 Output/Release/Obj/ble_sensor/nrf_drv_power.o
                0x000000000002b8d8                __sdh_state_observers_end__ = (__sdh_state_observers_start__ + SIZEOF (.sdh_state_observers))
                0x0000000000000010                __sdh_state_observers_size__ = SIZEOF (.sdh_state_observers)
                0x000000000002b8d8                __stop_sdh_state_observers = __sdh_state_observers_end__
                0x000000000002b8d8                __sdh_state_observers_load_end__ = __sdh_state_observers_end__
                0x0000000000000001                . = ASSERT (((__sdh_state_observers_start__ == __sdh_state_observers_end__) || ((__sdh_state_observers_end__ - __FLASH1_segment_start__) <= __FLASH1_segment_size__)), error: .sdh_state_observers is too large to fit in FLASH1 memory segment)
                0x000000000002b8d8                __sdh_stack_observers_load_start__ = ALIGN (__sdh_state_observers_end__, 0x4)

.sdh_stack_observers
                0x000000000002b8d8       0x10
                0x000000000002b8d8                __sdh_stack_observers_start__ = .
                0x000000000002b8d8                __start_sdh_stack_observers = __sdh_stack_observers_start__
 *(SORT_BY_NAME(.sdh_stack_observers*))
 .sdh_stack_observers0
                0x000000000002b8d8        0x8 Output/Release/Obj/ble_sensor/nrf_sdh_ble.o
 .sdh_stack_observers0
                0x000000000002b8e0        0x8 Output/Release/Obj/ble_sensor/nrf_sdh_soc.o
                0x000000000002b8e8                __sdh_stack_observers_end__ = (__sdh_stack_observers_start__ + SIZEOF (.sdh_stack_observers))
                0x0000000000000010                __sdh_stack_observers_size__ = SIZEOF (.sdh_stack_observers)
                0x000000000002b8e8                __stop_sdh_stack_observers = __sdh_stack_observers_end__
                0x000000000002b8e8                __sdh_stack_observers_load_end__ = __sdh_stack_observers_end__
                0x0000000000000001                . = ASSERT (((__sdh_stack_observers_start__ == __sdh_stack_observers_end__) || ((__sdh_stack_observers_end__ - __FLASH1_segment_start__) <= __FLASH1_segment_size__)), error: .sdh_stack_observers is too large to fit in FLASH1 memory segment)
                0x000000000002b8e8                __nrf_queue_load_start__ = ALIGN (__sdh_stack_observers_end__, 0x4)

.nrf_queue      0x000000000002b8e8        0x0
                0x000000000002b8e8                __nrf_queue_start__ = .
                0x000000000002b8e8                __start_nrf_queue = __nrf_queue_start__
 *(.nrf_queue*)
                0x000000000002b8e8                __nrf_queue_end__ = (__nrf_queue_start__ + SIZEOF (.nrf_queue))
                0x0000000000000000                __nrf_queue_size__ = SIZEOF (.nrf_queue)
                0x000000000002b8e8                __stop_nrf_queue = __nrf_queue_end__
                0x000000000002b8e8                __nrf_queue_load_end__ = __nrf_queue_end__
                0x0000000000000001                . = ASSERT (((__nrf_queue_start__ == __nrf_queue_end__) || ((__nrf_queue_end__ - __FLASH1_segment_start__) <= __FLASH1_segment_size__)), error: .nrf_queue is too large to fit in FLASH1 memory segment)
                0x000000000002b8e8                __nrf_balloc_load_start__ = ALIGN (__nrf_queue_end__, 0x4)

.nrf_balloc     0x000000000002b8e8        0x0
                0x000000000002b8e8                __nrf_balloc_start__ = .
                0x000000000002b8e8                __start_nrf_balloc = __nrf_balloc_start__
 *(.nrf_balloc*)
                0x000000000002b8e8                __nrf_balloc_end__ = (__nrf_balloc_start__ + SIZEOF (.nrf_balloc))
                0x0000000000000000                __nrf_balloc_size__ = SIZEOF (.nrf_balloc)
                0x000000000002b8e8                __stop_nrf_balloc = __nrf_balloc_end__
                0x000000000002b8e8                __nrf_balloc_load_end__ = __nrf_balloc_end__
                0x0000000000000001                . = ASSERT (((__nrf_balloc_start__ == __nrf_balloc_end__) || ((__nrf_balloc_end__ - __FLASH1_segment_start__) <= __FLASH1_segment_size__)), error: .nrf_balloc is too large to fit in FLASH1 memory segment)
                0x000000000002b8e8                __cli_command_load_start__ = ALIGN (__nrf_balloc_end__, 0x4)

.cli_command    0x000000000002b8e8        0x0
                0x000000000002b8e8                __cli_command_start__ = .
                0x000000000002b8e8                __start_cli_command = __cli_command_start__
 *(.cli_command*)
                0x000000000002b8e8                __cli_command_end__ = (__cli_command_start__ + SIZEOF (.cli_command))
                0x0000000000000000                __cli_command_size__ = SIZEOF (.cli_command)
                0x000000000002b8e8                __stop_cli_command = __cli_command_end__
                0x000000000002b8e8                __cli_command_load_end__ = __cli_command_end__
                0x0000000000000001                . = ASSERT (((__cli_command_start__ == __cli_command_end__) || ((__cli_command_end__ - __FLASH1_segment_start__) <= __FLASH1_segment_size__)), error: .cli_command is too large to fit in FLASH1 memory segment)
                0x000000000002b8e8                __crypto_data_load_start__ = ALIGN (__cli_command_end__, 0x4)

.crypto_data    0x000000000002b8e8        0x0
                0x000000000002b8e8                __crypto_data_start__ = .
                0x000000000002b8e8                __start_crypto_data = __crypto_data_start__
 *(SORT_BY_NAME(.crypto_data*))
                0x000000000002b8e8                __crypto_data_end__ = (__crypto_data_start__ + SIZEOF (.crypto_data))
                0x0000000000000000                __crypto_data_size__ = SIZEOF (.crypto_data)
                0x000000000002b8e8                __stop_crypto_data = __crypto_data_end__
                0x000000000002b8e8                __crypto_data_load_end__ = __crypto_data_end__
                0x0000000000000001                . = ASSERT (((__crypto_data_start__ == __crypto_data_end__) || ((__crypto_data_end__ - __FLASH1_segment_start__) <= __FLASH1_segment_size__)), error: .crypto_data is too large to fit in FLASH1 memory segment)
                0x000000000002b8e8                __log_const_data_load_start__ = ALIGN (__crypto_data_end__, 0x4)

.log_const_data
                0x000000000002b8e8        0x0
                0x000000000002b8e8                __log_const_data_start__ = .
                0x000000000002b8e8                __start_log_const_data = __log_const_data_start__
 *(SORT_BY_NAME(.log_const_data*))
                0x000000000002b8e8                __log_const_data_end__ = (__log_const_data_start__ + SIZEOF (.log_const_data))
                0x0000000000000000                __log_const_data_size__ = SIZEOF (.log_const_data)
                0x000000000002b8e8                __stop_log_const_data = __log_const_data_end__
                0x000000000002b8e8                __log_const_data_load_end__ = __log_const_data_end__
                0x0000000000000001                . = ASSERT (((__log_const_data_start__ == __log_const_data_end__) || ((__log_const_data_end__ - __FLASH1_segment_start__) <= __FLASH1_segment_size__)), error: .log_const_data is too large to fit in FLASH1 memory segment)
                0x000000000002b8e8                __log_backends_load_start__ = ALIGN (__log_const_data_end__, 0x4)

.log_backends   0x000000000002b8e8        0x0
                0x000000000002b8e8                __log_backends_start__ = .
                0x000000000002b8e8                __start_log_backends = __log_backends_start__
 *(SORT_BY_NAME(.log_backends*))
                0x000000000002b8e8                __log_backends_end__ = (__log_backends_start__ + SIZEOF (.log_backends))
                0x0000000000000000                __log_backends_size__ = SIZEOF (.log_backends)
                0x000000000002b8e8                __stop_log_backends = __log_backends_end__
                0x000000000002b8e8                __log_backends_load_end__ = __log_backends_end__
                0x0000000000000001                . = ASSERT (((__log_backends_start__ == __log_backends_end__) || ((__log_backends_end__ - __FLASH1_segment_start__) <= __FLASH1_segment_size__)), error: .log_backends is too large to fit in FLASH1 memory segment)
                0x000000000002b8e8                __nrf_sections_load_start__ = ALIGN (__log_backends_end__, 0x4)

.nrf_sections   0x000000000002b8e8        0x0
                0x000000000002b8e8                __nrf_sections_start__ = .
                0x000000000002b8e8                __start_nrf_sections = __nrf_sections_start__
 *(.nrf_sections .nrf_sections.*)
                0x000000000002b8e8                __nrf_sections_end__ = (__nrf_sections_start__ + SIZEOF (.nrf_sections))
                0x0000000000000000                __nrf_sections_size__ = SIZEOF (.nrf_sections)
                0x000000000002b8e8                __nrf_sections_load_end__ = __nrf_sections_end__
                0x0000000000000001                . = ASSERT (((__nrf_sections_start__ == __nrf_sections_end__) || ((__nrf_sections_end__ - __FLASH1_segment_start__) <= __FLASH1_segment_size__)), error: .nrf_sections is too large to fit in FLASH1 memory segment)
                0x000000000002b8e8                __cli_sorted_cmd_ptrs_load_start__ = ALIGN (__nrf_sections_end__, 0x4)

.cli_sorted_cmd_ptrs
                0x0000000020002ae8        0x0 load address 0x000000000002b8e8
                0x0000000020002ae8                __cli_sorted_cmd_ptrs_start__ = .
 *(.cli_sorted_cmd_ptrs*)
                0x0000000020002ae8                __cli_sorted_cmd_ptrs_end__ = (__cli_sorted_cmd_ptrs_start__ + SIZEOF (.cli_sorted_cmd_ptrs))
                0x0000000000000000                __cli_sorted_cmd_ptrs_size__ = SIZEOF (.cli_sorted_cmd_ptrs)
                0x000000000002b8e8                __cli_sorted_cmd_ptrs_load_end__ = (__cli_sorted_cmd_ptrs_load_start__ + SIZEOF (.cli_sorted_cmd_ptrs))
                0x0000000000000001                . = ASSERT (((__cli_sorted_cmd_ptrs_load_start__ == __cli_sorted_cmd_ptrs_load_end__) || ((__cli_sorted_cmd_ptrs_load_end__ - __FLASH1_segment_start__) <= __FLASH1_segment_size__)), error: .cli_sorted_cmd_ptrs is too large to fit in FLASH1 memory segment)

.cli_sorted_cmd_ptrs_run
                0x0000000020002ae8        0x0
                0x0000000020002ae8                __cli_sorted_cmd_ptrs_run_start__ = .
                0x0000000020002ae8                __start_cli_sorted_cmd_ptrs = __cli_sorted_cmd_ptrs_run_start__
                0x0000000020002ae8                __cli_sorted_cmd_ptrs_run_end__ = (__cli_sorted_cmd_ptrs_run_start__ + SIZEOF (.cli_sorted_cmd_ptrs))
                0x0000000000000000                __cli_sorted_cmd_ptrs_run_size__ = (__cli_sorted_cmd_ptrs_run_end__ - __cli_sorted_cmd_ptrs_run_start__)
                0x0000000020002ae8                __stop_cli_sorted_cmd_ptrs = __cli_sorted_cmd_ptrs_run_end__
                0x0000000020002ae8                __cli_sorted_cmd_ptrs_run_load_end__ = __cli_sorted_cmd_ptrs_run_end__
                0x0000000000000001                . = ASSERT (((__cli_sorted_cmd_ptrs_run_start__ == __cli_sorted_cmd_ptrs_run_end__) || ((__cli_sorted_cmd_ptrs_run_end__ - __RAM1_segment_start__) <= __RAM1_segment_size__)), error: .cli_sorted_cmd_ptrs_run is too large to fit in RAM1 memory segment)
                0x000000000002b8e8                __fs_data_load_start__ = ALIGN ((__cli_sorted_cmd_ptrs_load_start__ + SIZEOF (.cli_sorted_cmd_ptrs)), 0x4)

.fs_data        0x0000000020002ae8        0x0 load address 0x000000000002b8e8
                0x0000000020002ae8                __fs_data_start__ = .
 *(.fs_data*)
                0x0000000020002ae8                __fs_data_end__ = (__fs_data_start__ + SIZEOF (.fs_data))
                0x0000000000000000                __fs_data_size__ = SIZEOF (.fs_data)
                0x000000000002b8e8                __fs_data_load_end__ = (__fs_data_load_start__ + SIZEOF (.fs_data))
                0x0000000000000001                . = ASSERT (((__fs_data_load_start__ == __fs_data_load_end__) || ((__fs_data_load_end__ - __FLASH1_segment_start__) <= __FLASH1_segment_size__)), error: .fs_data is too large to fit in FLASH1 memory segment)

.fs_data_run    0x0000000020002ae8        0x0
                0x0000000020002ae8                __fs_data_run_start__ = .
                0x0000000020002ae8                __start_fs_data = __fs_data_run_start__
                0x0000000020002ae8                __fs_data_run_end__ = (__fs_data_run_start__ + SIZEOF (.fs_data))
                0x0000000000000000                __fs_data_run_size__ = (__fs_data_run_end__ - __fs_data_run_start__)
                0x0000000020002ae8                __stop_fs_data = __fs_data_run_end__
                0x0000000020002ae8                __fs_data_run_load_end__ = __fs_data_run_end__
                0x0000000000000001                . = ASSERT (((__fs_data_run_start__ == __fs_data_run_end__) || ((__fs_data_run_end__ - __RAM1_segment_start__) <= __RAM1_segment_size__)), error: .fs_data_run is too large to fit in RAM1 memory segment)
                0x000000000002b8e8                __log_dynamic_data_load_start__ = ALIGN ((__fs_data_load_start__ + SIZEOF (.fs_data)), 0x4)

.log_dynamic_data
                0x0000000020002ae8        0x0 load address 0x000000000002b8e8
                0x0000000020002ae8                __log_dynamic_data_start__ = .
 *(SORT_BY_NAME(.log_dynamic_data*))
                0x0000000020002ae8                __log_dynamic_data_end__ = (__log_dynamic_data_start__ + SIZEOF (.log_dynamic_data))
                0x0000000000000000                __log_dynamic_data_size__ = SIZEOF (.log_dynamic_data)
                0x000000000002b8e8                __log_dynamic_data_load_end__ = (__log_dynamic_data_load_start__ + SIZEOF (.log_dynamic_data))
                0x0000000000000001                . = ASSERT (((__log_dynamic_data_load_start__ == __log_dynamic_data_load_end__) || ((__log_dynamic_data_load_end__ - __FLASH1_segment_start__) <= __FLASH1_segment_size__)), error: .log_dynamic_data is too large to fit in FLASH1 memory segment)

.log_dynamic_data_run
                0x0000000020002ae8        0x0
                0x0000000020002ae8                __log_dynamic_data_run_start__ = .
                0x0000000020002ae8                __start_log_dynamic_data = __log_dynamic_data_run_start__
                0x0000000020002ae8                __log_dynamic_data_run_end__ = (__log_dynamic_data_run_start__ + SIZEOF (.log_dynamic_data))
                0x0000000000000000                __log_dynamic_data_run_size__ = (__log_dynamic_data_run_end__ - __log_dynamic_data_run_start__)
                0x0000000020002ae8                __stop_log_dynamic_data = __log_dynamic_data_run_end__
                0x0000000020002ae8                __log_dynamic_data_run_load_end__ = __log_dynamic_data_run_end__
                0x0000000000000001                . = ASSERT (((__log_dynamic_data_run_start__ == __log_dynamic_data_run_end__) || ((__log_dynamic_data_run_end__ - __RAM1_segment_start__) <= __RAM1_segment_size__)), error: .log_dynamic_data_run is too large to fit in RAM1 memory segment)
                0x000000000002b8e8                __log_filter_data_load_start__ = ALIGN ((__log_dynamic_data_load_start__ + SIZEOF (.log_dynamic_data)), 0x4)

.log_filter_data
                0x0000000020002ae8        0x0 load address 0x000000000002b8e8
                0x0000000020002ae8                __log_filter_data_start__ = .
 *(SORT_BY_NAME(.log_filter_data*))
                0x0000000020002ae8                __log_filter_data_end__ = (__log_filter_data_start__ + SIZEOF (.log_filter_data))
                0x0000000000000000                __log_filter_data_size__ = SIZEOF (.log_filter_data)
                0x000000000002b8e8                __log_filter_data_load_end__ = (__log_filter_data_load_start__ + SIZEOF (.log_filter_data))
                0x0000000000000001                . = ASSERT (((__log_filter_data_load_start__ == __log_filter_data_load_end__) || ((__log_filter_data_load_end__ - __FLASH1_segment_start__) <= __FLASH1_segment_size__)), error: .log_filter_data is too large to fit in FLASH1 memory segment)

.log_filter_data_run
                0x0000000020002ae8        0x0
                0x0000000020002ae8                __log_filter_data_run_start__ = .
                0x0000000020002ae8                __start_log_filter_data = __log_filter_data_run_start__
                0x0000000020002ae8                __log_filter_data_run_end__ = (__log_filter_data_run_start__ + SIZEOF (.log_filter_data))
                0x0000000000000000                __log_filter_data_run_size__ = (__log_filter_data_run_end__ - __log_filter_data_run_start__)
                0x0000000020002ae8                __stop_log_filter_data = __log_filter_data_run_end__
                0x0000000020002ae8                __log_filter_data_run_load_end__ = __log_filter_data_run_end__
                0x0000000000000001                . = ASSERT (((__log_filter_data_run_start__ == __log_filter_data_run_end__) || ((__log_filter_data_run_end__ - __RAM1_segment_start__) <= __RAM1_segment_size__)), error: .log_filter_data_run is too large to fit in RAM1 memory segment)
                0x0000000020002ae8                __nrf_sections_run_end_load_start__ = ALIGN (__log_filter_data_run_end__, 0x4)

.nrf_sections_run_end
                0x0000000020002ae8        0x0
                0x0000000020002ae8                __nrf_sections_run_end_start__ = .
                0x0000000020002ae8                __end_nrf_sections_run = __nrf_sections_run_end_start__
 *(.nrf_sections_run_end .nrf_sections_run_end.*)
                0x0000000020002ae8                __nrf_sections_run_end_end__ = (__nrf_sections_run_end_start__ + SIZEOF (.nrf_sections_run_end))
                0x0000000000000000                __nrf_sections_run_end_size__ = SIZEOF (.nrf_sections_run_end)
                0x0000000020002ae8                __nrf_sections_run_end_load_end__ = __nrf_sections_run_end_end__
                0x0000000000000001                . = ASSERT (((__nrf_sections_run_end_start__ == __nrf_sections_run_end_end__) || ((__nrf_sections_run_end_end__ - __RAM1_segment_start__) <= __RAM1_segment_size__)), error: .nrf_sections_run_end is too large to fit in RAM1 memory segment)
                0x000000000002b8e8                __dtors_load_start__ = ALIGN ((__log_filter_data_load_start__ + SIZEOF (.log_filter_data)), 0x4)

.dtors          0x000000000002b8e8        0x0
                0x000000000002b8e8                __dtors_start__ = .
 *(SORT_BY_NAME(.dtors.*))
 *(.dtors)
 *(.fini_array)
 *(SORT_BY_NAME(.fini_array.*))
                0x000000000002b8e8                __dtors_end__ = (__dtors_start__ + SIZEOF (.dtors))
                0x0000000000000000                __dtors_size__ = SIZEOF (.dtors)
                0x000000000002b8e8                __dtors_load_end__ = __dtors_end__
                0x0000000000000001                . = ASSERT (((__dtors_start__ == __dtors_end__) || ((__dtors_end__ - __FLASH1_segment_start__) <= __FLASH1_segment_size__)), error: .dtors is too large to fit in FLASH1 memory segment)
                0x000000000002b8e8                __ctors_load_start__ = ALIGN (__dtors_end__, 0x4)

.ctors          0x000000000002b8e8        0x0
                0x000000000002b8e8                __ctors_start__ = .
 *(SORT_BY_NAME(.ctors.*))
 *(.ctors)
 *(.init_array)
 *(SORT_BY_NAME(.init_array.*))
                0x000000000002b8e8                __ctors_end__ = (__ctors_start__ + SIZEOF (.ctors))
                0x0000000000000000                __ctors_size__ = SIZEOF (.ctors)
                0x000000000002b8e8                __ctors_load_end__ = __ctors_end__
                0x0000000000000001                . = ASSERT (((__ctors_start__ == __ctors_end__) || ((__ctors_end__ - __FLASH1_segment_start__) <= __FLASH1_segment_size__)), error: .ctors is too large to fit in FLASH1 memory segment)
                0x000000000002b8e8                __rodata_load_start__ = ALIGN (__ctors_end__, 0x4)

.rodata         0x000000000002b8e8      0x15c
                0x000000000002b8e8                __rodata_start__ = .
 *(.rodata .rodata.* .gnu.linkonce.r.*)
 .rodata.sht4x_measure_ticks.constprop.0.str1.1
                0x000000000002b8e8       0x31 Output/Release/Obj/ble_sensor/sht4x.o
 .rodata.sht4x_init.str1.1
                0x000000000002b919       0x5f Output/Release/Obj/ble_sensor/sht4x.o
 *fill*         0x000000000002b978        0x8 
 .rodata.delay_machine_code.0
                0x000000000002b980        0x6 Output/Release/Obj/ble_sensor/sht4x_port.o
 .rodata.app_timer_create.str1.1
                0x000000000002b986        0x2 Output/Release/Obj/ble_sensor/app_timer_freertos.o
 .rodata.pwr_mgmt_data
                0x000000000002b988        0xc Output/Release/Obj/ble_sensor/nrf_pwr_mgmt.o
 .rodata.CSWTCH.15
                0x000000000002b994        0x6 Output/Release/Obj/ble_sensor/system_nrf52840.o
 .rodata.CSWTCH.6
                0x000000000002b99a        0x6 Output/Release/Obj/ble_sensor/system_nrf52840.o
 .rodata.vTaskStartScheduler.str1.1
                0x000000000002b9a0        0x5 Output/Release/Obj/ble_sensor/tasks.o
 .rodata.prvCheckForValidListAndQueue.str1.1
                0x000000000002b9a5        0x5 Output/Release/Obj/ble_sensor/timers.o
 .rodata.xTimerCreateTimerTask.str1.1
                0x000000000002b9aa        0x8 Output/Release/Obj/ble_sensor/timers.o
 *fill*         0x000000000002b9b2        0x2 
 .rodata.irq_handlers.0
                0x000000000002b9b4        0x8 Output/Release/Obj/ble_sensor/nrfx_twi.o
 *fill*         0x000000000002b9bc        0x4 
 .rodata.delay_machine_code.0
                0x000000000002b9c0        0x6 Output/Release/Obj/ble_sensor/nrf_drv_twi.o
 .rodata.main.str1.1
                0x000000000002b9c6       0x15 Output/Release/Obj/ble_sensor/main.o
 *fill*         0x000000000002b9db        0x1 
 .rodata.m_blink_ble
                0x000000000002b9dc        0x4 Output/Release/Obj/ble_sensor/main.o
 .rodata.m_twi  0x000000000002b9e0       0x10 Output/Release/Obj/ble_sensor/main.o
 .rodata        0x000000000002b9f0       0x10 Output/Release/Obj/ble_sensor/ble_nus.o
 .rodata        0x000000000002ba00        0x4 Output/Release/Obj/ble_sensor/nrf_sdh.o
 .rodata.sdh_req_observers
                0x000000000002ba04        0xc Output/Release/Obj/ble_sensor/nrf_sdh.o
 .rodata.sdh_stack_observers
                0x000000000002ba10        0xc Output/Release/Obj/ble_sensor/nrf_sdh.o
 .rodata.sdh_state_observers
                0x000000000002ba1c        0xc Output/Release/Obj/ble_sensor/nrf_sdh.o
 .rodata.sdh_ble_observers
                0x000000000002ba28        0xc Output/Release/Obj/ble_sensor/nrf_sdh_ble.o
 .rodata.nrf_sdh_freertos_init.str1.1
                0x000000000002ba34        0x4 Output/Release/Obj/ble_sensor/nrf_sdh_freertos.o
 .rodata.sdh_soc_observers
                0x000000000002ba38        0xc Output/Release/Obj/ble_sensor/nrf_sdh_soc.o
                0x000000000002ba44                . = ALIGN (MAX ((__rodata_start__ + 0x4), .), 0x4)
                0x000000000002ba44                __rodata_end__ = (__rodata_start__ + SIZEOF (.rodata))
                0x000000000000015c                __rodata_size__ = SIZEOF (.rodata)
                0x000000000002ba44                __rodata_load_end__ = __rodata_end__

.rel.dyn        0x000000000002ba44        0x0
 .rel.iplt      0x000000000002ba44        0x0 Output/Release/Obj/ble_sensor/thumb_crt0.o
                0x0000000000000001                . = ASSERT (((__rodata_start__ == __rodata_end__) || ((__rodata_end__ - __FLASH1_segment_start__) <= __FLASH1_segment_size__)), error: .rodata is too large to fit in FLASH1 memory segment)
                0x000000000002ba44                __ARM.exidx_load_start__ = ALIGN (__rodata_end__, 0x4)

.ARM.exidx      0x000000000002ba44        0x0
                0x000000000002ba44                __ARM.exidx_start__ = .
                0x000000000002ba44                __exidx_start = __ARM.exidx_start__
 *(.ARM.exidx .ARM.exidx.*)
                0x000000000002ba44                __ARM.exidx_end__ = (__ARM.exidx_start__ + SIZEOF (.ARM.exidx))
                0x0000000000000000                __ARM.exidx_size__ = SIZEOF (.ARM.exidx)
                0x000000000002ba44                __exidx_end = __ARM.exidx_end__
                0x000000000002ba44                __ARM.exidx_load_end__ = __ARM.exidx_end__
                0x0000000000000001                . = ASSERT (((__ARM.exidx_start__ == __ARM.exidx_end__) || ((__ARM.exidx_end__ - __FLASH1_segment_start__) <= __FLASH1_segment_size__)), error: .ARM.exidx is too large to fit in FLASH1 memory segment)
                0x000000000002ba44                __fast_load_start__ = ALIGN (__ARM.exidx_end__, 0x4)

.fast           0x0000000020002ae8        0x0 load address 0x000000000002ba44
                0x0000000020002ae8                __fast_start__ = .
 *(.fast .fast.*)
                0x0000000020002ae8                __fast_end__ = (__fast_start__ + SIZEOF (.fast))
                0x0000000000000000                __fast_size__ = SIZEOF (.fast)
                0x000000000002ba44                __fast_load_end__ = (__fast_load_start__ + SIZEOF (.fast))
                0x0000000000000001                . = ASSERT (((__fast_load_start__ == __fast_load_end__) || ((__fast_load_end__ - __FLASH1_segment_start__) <= __FLASH1_segment_size__)), error: .fast is too large to fit in FLASH1 memory segment)

.fast_run       0x0000000020002ae8        0x0
                0x0000000020002ae8                __fast_run_start__ = .
                0x0000000020002ae8                __fast_run_end__ = (__fast_run_start__ + SIZEOF (.fast))
                0x0000000000000000                __fast_run_size__ = (__fast_run_end__ - __fast_run_start__)
                0x0000000020002ae8                __fast_run_load_end__ = __fast_run_end__
                0x0000000000000001                . = ASSERT (((__fast_run_start__ == __fast_run_end__) || ((__fast_run_end__ - __RAM1_segment_start__) <= __RAM1_segment_size__)), error: .fast_run is too large to fit in RAM1 memory segment)
                0x000000000002ba44                __data_load_start__ = ALIGN ((__fast_load_start__ + SIZEOF (.fast)), 0x4)

.data           0x0000000020002ae8       0x34 load address 0x000000000002ba44
                0x0000000020002ae8                __data_start__ = .
 *(.data .data.* .gnu.linkonce.d.*)
 .data.SystemCoreClock
                0x0000000020002ae8        0x4 Output/Release/Obj/ble_sensor/system_nrf52840.o
                0x0000000020002ae8                SystemCoreClock
 .data.m_adv_uuids
                0x0000000020002aec        0x4 Output/Release/Obj/ble_sensor/main.o
 .data.m_conn_handle
                0x0000000020002af0        0x2 Output/Release/Obj/ble_sensor/main.o
 *fill*         0x0000000020002af2        0x2 
 .data.m_nus    0x0000000020002af4       0x1c Output/Release/Obj/ble_sensor/main.o
 .data.m_nus_link_ctx_storage
                0x0000000020002b10        0x8 Output/Release/Obj/ble_sensor/main.o
 .data.size     0x0000000020002b18        0x4 Output/Release/Obj/ble_sensor/main.o
                0x0000000020002b18                size
                0x0000000020002b1c                __data_end__ = (__data_start__ + SIZEOF (.data))
                0x0000000000000034                __data_size__ = SIZEOF (.data)
                0x000000000002ba78                __data_load_end__ = (__data_load_start__ + SIZEOF (.data))

.igot.plt       0x0000000100000000        0x0
 .igot.plt      0x0000000100000000        0x0 Output/Release/Obj/ble_sensor/thumb_crt0.o
                0x0000000000000001                . = ASSERT (((__data_load_start__ == __data_load_end__) || ((__data_load_end__ - __FLASH1_segment_start__) <= __FLASH1_segment_size__)), error: .data is too large to fit in FLASH1 memory segment)

.data_run       0x0000000020002ae8        0x0
                0x0000000020002ae8                __data_run_start__ = .
                0x0000000020002b1c                __data_run_end__ = (__data_run_start__ + SIZEOF (.data))
                0x0000000000000034                __data_run_size__ = (__data_run_end__ - __data_run_start__)
                0x0000000020002b1c                __data_run_load_end__ = __data_run_end__
                0x0000000000000001                . = ASSERT (((__data_run_start__ == __data_run_end__) || ((__data_run_end__ - __RAM1_segment_start__) <= __RAM1_segment_size__)), error: .data_run is too large to fit in RAM1 memory segment)
                0x000000000002ba78                __tdata_load_start__ = ALIGN ((__data_load_start__ + SIZEOF (.data)), 0x4)

.tdata          0x0000000020002b1c        0x0 load address 0x000000000002ba78
                0x0000000020002b1c                __tdata_start__ = .
 *(.tdata .tdata.*)
                0x0000000020002b1c                __tdata_end__ = (__tdata_start__ + SIZEOF (.tdata))
                0x0000000000000000                __tdata_size__ = SIZEOF (.tdata)
                0x000000000002ba78                __tdata_load_end__ = (__tdata_load_start__ + SIZEOF (.tdata))
                0x000000000002ba78                __FLASH1_segment_used_end__ = (ALIGN ((__data_load_start__ + SIZEOF (.data)), 0x4) + SIZEOF (.tdata))
                0x000000000002ba78                __FLASH1_segment_used_size__ = (__FLASH1_segment_used_end__ - __FLASH1_segment_start__)
                0x0000000000000001                . = ASSERT (((__tdata_load_start__ == __tdata_load_end__) || ((__tdata_load_end__ - __FLASH1_segment_start__) <= __FLASH1_segment_size__)), error: .tdata is too large to fit in FLASH1 memory segment)

.tdata_run      0x0000000020002b1c        0x0
                0x0000000020002b1c                __tdata_run_start__ = .
                0x0000000020002b1c                __tdata_run_end__ = (__tdata_run_start__ + SIZEOF (.tdata))
                0x0000000000000000                __tdata_run_size__ = (__tdata_run_end__ - __tdata_run_start__)
                0x0000000020002b1c                __tdata_run_load_end__ = __tdata_run_end__
                0x0000000000000001                . = ASSERT (((__tdata_run_start__ == __tdata_run_end__) || ((__tdata_run_end__ - __RAM1_segment_start__) <= __RAM1_segment_size__)), error: .tdata_run is too large to fit in RAM1 memory segment)
                0x0000000020002b1c                __bss_load_start__ = ALIGN (__tdata_run_end__, 0x4)

.bss            0x0000000020002b1c     0x27e0
                0x0000000020002b1c                __bss_start__ = .
 *(.bss .bss.* .gnu.linkonce.b.*)
 .bss.i2c_sht4x
                0x0000000020002b1c        0x4 Output/Release/Obj/ble_sensor/sht4x_port.o
 .bss.nrf_nvic_state
                0x0000000020002b20        0xc Output/Release/Obj/ble_sensor/app_util_platform.o
                0x0000000020002b20                nrf_nvic_state
 .bss.m_handlers_iter
                0x0000000020002b2c        0x8 Output/Release/Obj/ble_sensor/nrf_pwr_mgmt.o
 .bss.m_shutdown_started
                0x0000000020002b34        0x1 Output/Release/Obj/ble_sensor/nrf_pwr_mgmt.o
 *fill*         0x0000000020002b35        0x3 
 .bss.m_sysoff_mtx
                0x0000000020002b38        0x4 Output/Release/Obj/ble_sensor/nrf_pwr_mgmt.o
 .bss.pucAlignedHeap.0
                0x0000000020002b3c        0x4 Output/Release/Obj/ble_sensor/heap_1.o
 .bss.ucHeap    0x0000000020002b40     0x2000 Output/Release/Obj/ble_sensor/heap_1.o
 .bss.xNextFreeByte
                0x0000000020004b40        0x4 Output/Release/Obj/ble_sensor/heap_1.o
 .bss.uxCriticalNesting
                0x0000000020004b44        0x4 Output/Release/Obj/ble_sensor/port_cmsis.o
 .bss.xQueueRegistry
                0x0000000020004b48       0x10 Output/Release/Obj/ble_sensor/queue.o
                0x0000000020004b48                xQueueRegistry
 .bss.pxCurrentTCB
                0x0000000020004b58        0x4 Output/Release/Obj/ble_sensor/tasks.o
                0x0000000020004b58                pxCurrentTCB
 .bss.pxDelayedTaskList
                0x0000000020004b5c        0x4 Output/Release/Obj/ble_sensor/tasks.o
 .bss.pxOverflowDelayedTaskList
                0x0000000020004b60        0x4 Output/Release/Obj/ble_sensor/tasks.o
 .bss.pxReadyTasksLists
                0x0000000020004b64       0x3c Output/Release/Obj/ble_sensor/tasks.o
 .bss.uxCurrentNumberOfTasks
                0x0000000020004ba0        0x4 Output/Release/Obj/ble_sensor/tasks.o
 .bss.uxDeletedTasksWaitingCleanUp
                0x0000000020004ba4        0x4 Output/Release/Obj/ble_sensor/tasks.o
 .bss.uxPendedTicks
                0x0000000020004ba8        0x4 Output/Release/Obj/ble_sensor/tasks.o
 .bss.uxSchedulerSuspended
                0x0000000020004bac        0x4 Output/Release/Obj/ble_sensor/tasks.o
 .bss.uxTaskNumber
                0x0000000020004bb0        0x4 Output/Release/Obj/ble_sensor/tasks.o
 .bss.uxTopReadyPriority
                0x0000000020004bb4        0x4 Output/Release/Obj/ble_sensor/tasks.o
 .bss.xDelayedTaskList1
                0x0000000020004bb8       0x14 Output/Release/Obj/ble_sensor/tasks.o
 .bss.xDelayedTaskList2
                0x0000000020004bcc       0x14 Output/Release/Obj/ble_sensor/tasks.o
 .bss.xIdleTaskHandle
                0x0000000020004be0        0x4 Output/Release/Obj/ble_sensor/tasks.o
 .bss.xNextTaskUnblockTime
                0x0000000020004be4        0x4 Output/Release/Obj/ble_sensor/tasks.o
 .bss.xNumOfOverflows
                0x0000000020004be8        0x4 Output/Release/Obj/ble_sensor/tasks.o
 .bss.xPendingReadyList
                0x0000000020004bec       0x14 Output/Release/Obj/ble_sensor/tasks.o
 .bss.xSchedulerRunning
                0x0000000020004c00        0x4 Output/Release/Obj/ble_sensor/tasks.o
 .bss.xSuspendedTaskList
                0x0000000020004c04       0x14 Output/Release/Obj/ble_sensor/tasks.o
 .bss.xTasksWaitingTermination
                0x0000000020004c18       0x14 Output/Release/Obj/ble_sensor/tasks.o
 .bss.xTickCount
                0x0000000020004c2c        0x4 Output/Release/Obj/ble_sensor/tasks.o
 .bss.xYieldPending
                0x0000000020004c30        0x4 Output/Release/Obj/ble_sensor/tasks.o
 .bss.pxCurrentTimerList
                0x0000000020004c34        0x4 Output/Release/Obj/ble_sensor/timers.o
 .bss.pxOverflowTimerList
                0x0000000020004c38        0x4 Output/Release/Obj/ble_sensor/timers.o
 .bss.xActiveTimerList1
                0x0000000020004c3c       0x14 Output/Release/Obj/ble_sensor/timers.o
 .bss.xActiveTimerList2
                0x0000000020004c50       0x14 Output/Release/Obj/ble_sensor/timers.o
 .bss.xLastTime.0
                0x0000000020004c64        0x4 Output/Release/Obj/ble_sensor/timers.o
 .bss.xTimerQueue
                0x0000000020004c68        0x4 Output/Release/Obj/ble_sensor/timers.o
 .bss.xTimerTaskHandle
                0x0000000020004c6c        0x4 Output/Release/Obj/ble_sensor/timers.o
 .bss.m_clock_cb
                0x0000000020004c70       0x14 Output/Release/Obj/ble_sensor/nrf_drv_clock.o
 .bss.m_clock_cb
                0x0000000020004c84        0x8 Output/Release/Obj/ble_sensor/nrfx_clock.o
 .bss.nrfx_clock_irq_enabled
                0x0000000020004c8c        0x1 Output/Release/Obj/ble_sensor/nrfx_clock.o
                0x0000000020004c8c                nrfx_clock_irq_enabled
 *fill*         0x0000000020004c8d        0x3 
 .bss.m_cb      0x0000000020004c90       0x6c Output/Release/Obj/ble_sensor/nrfx_gpiote.o
 .bss.m_pofwarn_handler
                0x0000000020004cfc        0x4 Output/Release/Obj/ble_sensor/nrfx_power.o
 .bss.m_sleepevt_handler
                0x0000000020004d00        0x4 Output/Release/Obj/ble_sensor/nrfx_power.o
 .bss.m_usbevt_handler
                0x0000000020004d04        0x4 Output/Release/Obj/ble_sensor/nrfx_power.o
 .bss.m_prs_box_4
                0x0000000020004d08        0x8 Output/Release/Obj/ble_sensor/nrfx_prs.o
 .bss.m_cb      0x0000000020004d10       0x78 Output/Release/Obj/ble_sensor/nrfx_twi.o
 .bss.m_contexts
                0x0000000020004d88        0x8 Output/Release/Obj/ble_sensor/nrf_drv_twi.o
 .bss.m_handlers
                0x0000000020004d90        0x8 Output/Release/Obj/ble_sensor/nrf_drv_twi.o
 .bss.err_code  0x0000000020004d98        0x4 Output/Release/Obj/ble_sensor/main.o
                0x0000000020004d98                err_code
 .bss.m_advertising
                0x0000000020004d9c      0x434 Output/Release/Obj/ble_sensor/main.o
 .bss.m_blink_ble_data
                0x00000000200051d0       0x20 Output/Release/Obj/ble_sensor/main.o
 .bss.m_gatt    0x00000000200051f0       0x14 Output/Release/Obj/ble_sensor/main.o
 .bss.m_nus_link_ctx_storage_ctx_data_pool
                0x0000000020005204        0x4 Output/Release/Obj/ble_sensor/main.o
 .bss.nus_connected
                0x0000000020005208        0x1 Output/Release/Obj/ble_sensor/main.o
 *fill*         0x0000000020005209        0x3 
 .bss.p         0x000000002000520c        0x4 Output/Release/Obj/ble_sensor/main.o
                0x000000002000520c                p
 .bss.send_c    0x0000000020005210        0x8 Output/Release/Obj/ble_sensor/main.o
                0x0000000020005210                send_c
 .bss.start     0x0000000020005218        0x1 Output/Release/Obj/ble_sensor/main.o
                0x0000000020005218                start
 *fill*         0x0000000020005219        0x3 
 .bss.m_conn_params_config
                0x000000002000521c       0x1c Output/Release/Obj/ble_sensor/ble_conn_params.o
 .bss.m_conn_params_instances
                0x0000000020005238       0x14 Output/Release/Obj/ble_sensor/ble_conn_params.o
 .bss.m_preferred_conn_params
                0x000000002000524c        0x8 Output/Release/Obj/ble_sensor/ble_conn_params.o
 .bss.m_timer_data